<?xml version="1.0"?>
<link_info>
   <banner>MSP430 Linker PC v4.4.5</banner>
   <copyright>Copyright (c) 2003-2015 Texas Instruments Incorporated</copyright>
   <link_time>0x56889563</link_time>
   <link_errors>0x0</link_errors>
   <output_file>MSP430F5529_Sensor_Hub.out</output_file>
   <entry_point>
      <name>_c_int00_noargs_noexit</name>
      <address>0x44e4</address>
   </entry_point>
   <input_file_list>
      <input_file id="fl-2">
         <path>.\</path>
         <kind>object</kind>
         <file>BMP180.obj</file>
         <name>BMP180.obj</name>
      </input_file>
      <input_file id="fl-3">
         <path>.\</path>
         <kind>object</kind>
         <file>Filter.obj</file>
         <name>Filter.obj</name>
      </input_file>
      <input_file id="fl-4">
         <path>.\</path>
         <kind>object</kind>
         <file>I2C.obj</file>
         <name>I2C.obj</name>
      </input_file>
      <input_file id="fl-5">
         <path>.\</path>
         <kind>object</kind>
         <file>ISL29023.obj</file>
         <name>ISL29023.obj</name>
      </input_file>
      <input_file id="fl-6">
         <path>.\</path>
         <kind>object</kind>
         <file>MPU9150.obj</file>
         <name>MPU9150.obj</name>
      </input_file>
      <input_file id="fl-7">
         <path>.\</path>
         <kind>object</kind>
         <file>SHT21.obj</file>
         <name>SHT21.obj</name>
      </input_file>
      <input_file id="fl-8">
         <path>.\</path>
         <kind>object</kind>
         <file>TEMP006.obj</file>
         <name>TEMP006.obj</name>
      </input_file>
      <input_file id="fl-9">
         <path>.\</path>
         <kind>object</kind>
         <file>UART.obj</file>
         <name>UART.obj</name>
      </input_file>
      <input_file id="fl-a">
         <path>.\</path>
         <kind>object</kind>
         <file>main.obj</file>
         <name>main.obj</name>
      </input_file>
      <input_file id="fl-3f">
         <path>C:\ti\ccsv6\tools\compiler\ti-cgt-msp430_4.4.5\lib\</path>
         <kind>archive</kind>
         <file>rts430x_lc_rd_eabi.lib</file>
         <name>addd.obj</name>
      </input_file>
      <input_file id="fl-40">
         <path>C:\ti\ccsv6\tools\compiler\ti-cgt-msp430_4.4.5\lib\</path>
         <kind>archive</kind>
         <file>rts430x_lc_rd_eabi.lib</file>
         <name>atan2.obj</name>
      </input_file>
      <input_file id="fl-41">
         <path>C:\ti\ccsv6\tools\compiler\ti-cgt-msp430_4.4.5\lib\</path>
         <kind>archive</kind>
         <file>rts430x_lc_rd_eabi.lib</file>
         <name>boot.obj</name>
      </input_file>
      <input_file id="fl-42">
         <path>C:\ti\ccsv6\tools\compiler\ti-cgt-msp430_4.4.5\lib\</path>
         <kind>archive</kind>
         <file>rts430x_lc_rd_eabi.lib</file>
         <name>boot_special.obj</name>
      </input_file>
      <input_file id="fl-43">
         <path>C:\ti\ccsv6\tools\compiler\ti-cgt-msp430_4.4.5\lib\</path>
         <kind>archive</kind>
         <file>rts430x_lc_rd_eabi.lib</file>
         <name>cmpd.obj</name>
      </input_file>
      <input_file id="fl-44">
         <path>C:\ti\ccsv6\tools\compiler\ti-cgt-msp430_4.4.5\lib\</path>
         <kind>archive</kind>
         <file>rts430x_lc_rd_eabi.lib</file>
         <name>copy_decompress_none.obj</name>
      </input_file>
      <input_file id="fl-45">
         <path>C:\ti\ccsv6\tools\compiler\ti-cgt-msp430_4.4.5\lib\</path>
         <kind>archive</kind>
         <file>rts430x_lc_rd_eabi.lib</file>
         <name>copy_decompress_rle.obj</name>
      </input_file>
      <input_file id="fl-46">
         <path>C:\ti\ccsv6\tools\compiler\ti-cgt-msp430_4.4.5\lib\</path>
         <kind>archive</kind>
         <file>rts430x_lc_rd_eabi.lib</file>
         <name>copy_zero_init.obj</name>
      </input_file>
      <input_file id="fl-47">
         <path>C:\ti\ccsv6\tools\compiler\ti-cgt-msp430_4.4.5\lib\</path>
         <kind>archive</kind>
         <file>rts430x_lc_rd_eabi.lib</file>
         <name>cvtdf.obj</name>
      </input_file>
      <input_file id="fl-48">
         <path>C:\ti\ccsv6\tools\compiler\ti-cgt-msp430_4.4.5\lib\</path>
         <kind>archive</kind>
         <file>rts430x_lc_rd_eabi.lib</file>
         <name>cvtfd.obj</name>
      </input_file>
      <input_file id="fl-49">
         <path>C:\ti\ccsv6\tools\compiler\ti-cgt-msp430_4.4.5\lib\</path>
         <kind>archive</kind>
         <file>rts430x_lc_rd_eabi.lib</file>
         <name>div16s.obj</name>
      </input_file>
      <input_file id="fl-4a">
         <path>C:\ti\ccsv6\tools\compiler\ti-cgt-msp430_4.4.5\lib\</path>
         <kind>archive</kind>
         <file>rts430x_lc_rd_eabi.lib</file>
         <name>div16u.obj</name>
      </input_file>
      <input_file id="fl-4b">
         <path>C:\ti\ccsv6\tools\compiler\ti-cgt-msp430_4.4.5\lib\</path>
         <kind>archive</kind>
         <file>rts430x_lc_rd_eabi.lib</file>
         <name>divd.obj</name>
      </input_file>
      <input_file id="fl-4c">
         <path>C:\ti\ccsv6\tools\compiler\ti-cgt-msp430_4.4.5\lib\</path>
         <kind>archive</kind>
         <file>rts430x_lc_rd_eabi.lib</file>
         <name>exit.obj</name>
      </input_file>
      <input_file id="fl-4d">
         <path>C:\ti\ccsv6\tools\compiler\ti-cgt-msp430_4.4.5\lib\</path>
         <kind>archive</kind>
         <file>rts430x_lc_rd_eabi.lib</file>
         <name>exit_gvars.obj</name>
      </input_file>
      <input_file id="fl-4e">
         <path>C:\ti\ccsv6\tools\compiler\ti-cgt-msp430_4.4.5\lib\</path>
         <kind>archive</kind>
         <file>rts430x_lc_rd_eabi.lib</file>
         <name>fltid.obj</name>
      </input_file>
      <input_file id="fl-4f">
         <path>C:\ti\ccsv6\tools\compiler\ti-cgt-msp430_4.4.5\lib\</path>
         <kind>archive</kind>
         <file>rts430x_lc_rd_eabi.lib</file>
         <name>fltlid.obj</name>
      </input_file>
      <input_file id="fl-50">
         <path>C:\ti\ccsv6\tools\compiler\ti-cgt-msp430_4.4.5\lib\</path>
         <kind>archive</kind>
         <file>rts430x_lc_rd_eabi.lib</file>
         <name>fltud.obj</name>
      </input_file>
      <input_file id="fl-51">
         <path>C:\ti\ccsv6\tools\compiler\ti-cgt-msp430_4.4.5\lib\</path>
         <kind>archive</kind>
         <file>rts430x_lc_rd_eabi.lib</file>
         <name>fltuld.obj</name>
      </input_file>
      <input_file id="fl-52">
         <path>C:\ti\ccsv6\tools\compiler\ti-cgt-msp430_4.4.5\lib\</path>
         <kind>archive</kind>
         <file>rts430x_lc_rd_eabi.lib</file>
         <name>frcaddd.obj</name>
      </input_file>
      <input_file id="fl-53">
         <path>C:\ti\ccsv6\tools\compiler\ti-cgt-msp430_4.4.5\lib\</path>
         <kind>archive</kind>
         <file>rts430x_lc_rd_eabi.lib</file>
         <name>frcdivd.obj</name>
      </input_file>
      <input_file id="fl-54">
         <path>C:\ti\ccsv6\tools\compiler\ti-cgt-msp430_4.4.5\lib\</path>
         <kind>archive</kind>
         <file>rts430x_lc_rd_eabi.lib</file>
         <name>fs_add.obj</name>
      </input_file>
      <input_file id="fl-55">
         <path>C:\ti\ccsv6\tools\compiler\ti-cgt-msp430_4.4.5\lib\</path>
         <kind>archive</kind>
         <file>rts430x_lc_rd_eabi.lib</file>
         <name>fs_cmp.obj</name>
      </input_file>
      <input_file id="fl-56">
         <path>C:\ti\ccsv6\tools\compiler\ti-cgt-msp430_4.4.5\lib\</path>
         <kind>archive</kind>
         <file>rts430x_lc_rd_eabi.lib</file>
         <name>fs_div.obj</name>
      </input_file>
      <input_file id="fl-57">
         <path>C:\ti\ccsv6\tools\compiler\ti-cgt-msp430_4.4.5\lib\</path>
         <kind>archive</kind>
         <file>rts430x_lc_rd_eabi.lib</file>
         <name>fs_itof.obj</name>
      </input_file>
      <input_file id="fl-58">
         <path>C:\ti\ccsv6\tools\compiler\ti-cgt-msp430_4.4.5\lib\</path>
         <kind>archive</kind>
         <file>rts430x_lc_rd_eabi.lib</file>
         <name>fs_mpy.obj</name>
      </input_file>
      <input_file id="fl-59">
         <path>C:\ti\ccsv6\tools\compiler\ti-cgt-msp430_4.4.5\lib\</path>
         <kind>archive</kind>
         <file>rts430x_lc_rd_eabi.lib</file>
         <name>fs_utof.obj</name>
      </input_file>
      <input_file id="fl-5a">
         <path>C:\ti\ccsv6\tools\compiler\ti-cgt-msp430_4.4.5\lib\</path>
         <kind>archive</kind>
         <file>rts430x_lc_rd_eabi.lib</file>
         <name>int41.obj</name>
      </input_file>
      <input_file id="fl-5b">
         <path>C:\ti\ccsv6\tools\compiler\ti-cgt-msp430_4.4.5\lib\</path>
         <kind>archive</kind>
         <file>rts430x_lc_rd_eabi.lib</file>
         <name>int43.obj</name>
      </input_file>
      <input_file id="fl-5c">
         <path>C:\ti\ccsv6\tools\compiler\ti-cgt-msp430_4.4.5\lib\</path>
         <kind>archive</kind>
         <file>rts430x_lc_rd_eabi.lib</file>
         <name>int44.obj</name>
      </input_file>
      <input_file id="fl-5d">
         <path>C:\ti\ccsv6\tools\compiler\ti-cgt-msp430_4.4.5\lib\</path>
         <kind>archive</kind>
         <file>rts430x_lc_rd_eabi.lib</file>
         <name>int45.obj</name>
      </input_file>
      <input_file id="fl-5e">
         <path>C:\ti\ccsv6\tools\compiler\ti-cgt-msp430_4.4.5\lib\</path>
         <kind>archive</kind>
         <file>rts430x_lc_rd_eabi.lib</file>
         <name>int46.obj</name>
      </input_file>
      <input_file id="fl-5f">
         <path>C:\ti\ccsv6\tools\compiler\ti-cgt-msp430_4.4.5\lib\</path>
         <kind>archive</kind>
         <file>rts430x_lc_rd_eabi.lib</file>
         <name>int48.obj</name>
      </input_file>
      <input_file id="fl-60">
         <path>C:\ti\ccsv6\tools\compiler\ti-cgt-msp430_4.4.5\lib\</path>
         <kind>archive</kind>
         <file>rts430x_lc_rd_eabi.lib</file>
         <name>int49.obj</name>
      </input_file>
      <input_file id="fl-61">
         <path>C:\ti\ccsv6\tools\compiler\ti-cgt-msp430_4.4.5\lib\</path>
         <kind>archive</kind>
         <file>rts430x_lc_rd_eabi.lib</file>
         <name>int50.obj</name>
      </input_file>
      <input_file id="fl-62">
         <path>C:\ti\ccsv6\tools\compiler\ti-cgt-msp430_4.4.5\lib\</path>
         <kind>archive</kind>
         <file>rts430x_lc_rd_eabi.lib</file>
         <name>int51.obj</name>
      </input_file>
      <input_file id="fl-63">
         <path>C:\ti\ccsv6\tools\compiler\ti-cgt-msp430_4.4.5\lib\</path>
         <kind>archive</kind>
         <file>rts430x_lc_rd_eabi.lib</file>
         <name>int52.obj</name>
      </input_file>
      <input_file id="fl-64">
         <path>C:\ti\ccsv6\tools\compiler\ti-cgt-msp430_4.4.5\lib\</path>
         <kind>archive</kind>
         <file>rts430x_lc_rd_eabi.lib</file>
         <name>int53.obj</name>
      </input_file>
      <input_file id="fl-65">
         <path>C:\ti\ccsv6\tools\compiler\ti-cgt-msp430_4.4.5\lib\</path>
         <kind>archive</kind>
         <file>rts430x_lc_rd_eabi.lib</file>
         <name>int54.obj</name>
      </input_file>
      <input_file id="fl-66">
         <path>C:\ti\ccsv6\tools\compiler\ti-cgt-msp430_4.4.5\lib\</path>
         <kind>archive</kind>
         <file>rts430x_lc_rd_eabi.lib</file>
         <name>int56.obj</name>
      </input_file>
      <input_file id="fl-67">
         <path>C:\ti\ccsv6\tools\compiler\ti-cgt-msp430_4.4.5\lib\</path>
         <kind>archive</kind>
         <file>rts430x_lc_rd_eabi.lib</file>
         <name>int57.obj</name>
      </input_file>
      <input_file id="fl-68">
         <path>C:\ti\ccsv6\tools\compiler\ti-cgt-msp430_4.4.5\lib\</path>
         <kind>archive</kind>
         <file>rts430x_lc_rd_eabi.lib</file>
         <name>int58.obj</name>
      </input_file>
      <input_file id="fl-69">
         <path>C:\ti\ccsv6\tools\compiler\ti-cgt-msp430_4.4.5\lib\</path>
         <kind>archive</kind>
         <file>rts430x_lc_rd_eabi.lib</file>
         <name>int59.obj</name>
      </input_file>
      <input_file id="fl-6a">
         <path>C:\ti\ccsv6\tools\compiler\ti-cgt-msp430_4.4.5\lib\</path>
         <kind>archive</kind>
         <file>rts430x_lc_rd_eabi.lib</file>
         <name>int60.obj</name>
      </input_file>
      <input_file id="fl-6b">
         <path>C:\ti\ccsv6\tools\compiler\ti-cgt-msp430_4.4.5\lib\</path>
         <kind>archive</kind>
         <file>rts430x_lc_rd_eabi.lib</file>
         <name>int61.obj</name>
      </input_file>
      <input_file id="fl-6c">
         <path>C:\ti\ccsv6\tools\compiler\ti-cgt-msp430_4.4.5\lib\</path>
         <kind>archive</kind>
         <file>rts430x_lc_rd_eabi.lib</file>
         <name>int62.obj</name>
      </input_file>
      <input_file id="fl-6d">
         <path>C:\ti\ccsv6\tools\compiler\ti-cgt-msp430_4.4.5\lib\</path>
         <kind>archive</kind>
         <file>rts430x_lc_rd_eabi.lib</file>
         <name>isr_trap.obj</name>
      </input_file>
      <input_file id="fl-6e">
         <path>C:\ti\ccsv6\tools\compiler\ti-cgt-msp430_4.4.5\lib\</path>
         <kind>archive</kind>
         <file>rts430x_lc_rd_eabi.lib</file>
         <name>lsl32.obj</name>
      </input_file>
      <input_file id="fl-6f">
         <path>C:\ti\ccsv6\tools\compiler\ti-cgt-msp430_4.4.5\lib\</path>
         <kind>archive</kind>
         <file>rts430x_lc_rd_eabi.lib</file>
         <name>lsr32.obj</name>
      </input_file>
      <input_file id="fl-70">
         <path>C:\ti\ccsv6\tools\compiler\ti-cgt-msp430_4.4.5\lib\</path>
         <kind>archive</kind>
         <file>rts430x_lc_rd_eabi.lib</file>
         <name>memcpy.obj</name>
      </input_file>
      <input_file id="fl-71">
         <path>C:\ti\ccsv6\tools\compiler\ti-cgt-msp430_4.4.5\lib\</path>
         <kind>archive</kind>
         <file>rts430x_lc_rd_eabi.lib</file>
         <name>mpu_init.obj</name>
      </input_file>
      <input_file id="fl-72">
         <path>C:\ti\ccsv6\tools\compiler\ti-cgt-msp430_4.4.5\lib\</path>
         <kind>archive</kind>
         <file>rts430x_lc_rd_eabi.lib</file>
         <name>mpyd.obj</name>
      </input_file>
      <input_file id="fl-73">
         <path>C:\ti\ccsv6\tools\compiler\ti-cgt-msp430_4.4.5\lib\</path>
         <kind>archive</kind>
         <file>rts430x_lc_rd_eabi.lib</file>
         <name>mult16.obj</name>
      </input_file>
      <input_file id="fl-74">
         <path>C:\ti\ccsv6\tools\compiler\ti-cgt-msp430_4.4.5\lib\</path>
         <kind>archive</kind>
         <file>rts430x_lc_rd_eabi.lib</file>
         <name>mult1632_f5hw.obj</name>
      </input_file>
      <input_file id="fl-75">
         <path>C:\ti\ccsv6\tools\compiler\ti-cgt-msp430_4.4.5\lib\</path>
         <kind>archive</kind>
         <file>rts430x_lc_rd_eabi.lib</file>
         <name>mult16_f5hw.obj</name>
      </input_file>
      <input_file id="fl-76">
         <path>C:\ti\ccsv6\tools\compiler\ti-cgt-msp430_4.4.5\lib\</path>
         <kind>archive</kind>
         <file>rts430x_lc_rd_eabi.lib</file>
         <name>mult32.obj</name>
      </input_file>
      <input_file id="fl-77">
         <path>C:\ti\ccsv6\tools\compiler\ti-cgt-msp430_4.4.5\lib\</path>
         <kind>archive</kind>
         <file>rts430x_lc_rd_eabi.lib</file>
         <name>mult3264_f5hw.obj</name>
      </input_file>
      <input_file id="fl-78">
         <path>C:\ti\ccsv6\tools\compiler\ti-cgt-msp430_4.4.5\lib\</path>
         <kind>archive</kind>
         <file>rts430x_lc_rd_eabi.lib</file>
         <name>mult32_f5hw.obj</name>
      </input_file>
      <input_file id="fl-79">
         <path>C:\ti\ccsv6\tools\compiler\ti-cgt-msp430_4.4.5\lib\</path>
         <kind>archive</kind>
         <file>rts430x_lc_rd_eabi.lib</file>
         <name>mult64_f5hw.obj</name>
      </input_file>
      <input_file id="fl-7a">
         <path>C:\ti\ccsv6\tools\compiler\ti-cgt-msp430_4.4.5\lib\</path>
         <kind>archive</kind>
         <file>rts430x_lc_rd_eabi.lib</file>
         <name>negd.obj</name>
      </input_file>
      <input_file id="fl-7b">
         <path>C:\ti\ccsv6\tools\compiler\ti-cgt-msp430_4.4.5\lib\</path>
         <kind>archive</kind>
         <file>rts430x_lc_rd_eabi.lib</file>
         <name>pow.obj</name>
      </input_file>
      <input_file id="fl-7c">
         <path>C:\ti\ccsv6\tools\compiler\ti-cgt-msp430_4.4.5\lib\</path>
         <kind>archive</kind>
         <file>rts430x_lc_rd_eabi.lib</file>
         <name>pre_init.obj</name>
      </input_file>
      <input_file id="fl-7d">
         <path>C:\ti\ccsv6\tools\compiler\ti-cgt-msp430_4.4.5\lib\</path>
         <kind>archive</kind>
         <file>rts430x_lc_rd_eabi.lib</file>
         <name>renormd.obj</name>
      </input_file>
      <input_file id="fl-7e">
         <path>C:\ti\ccsv6\tools\compiler\ti-cgt-msp430_4.4.5\lib\</path>
         <kind>archive</kind>
         <file>rts430x_lc_rd_eabi.lib</file>
         <name>sprintf.obj</name>
      </input_file>
      <input_file id="fl-7f">
         <path>C:\ti\ccsv6\tools\compiler\ti-cgt-msp430_4.4.5\lib\</path>
         <kind>archive</kind>
         <file>rts430x_lc_rd_eabi.lib</file>
         <name>subd.obj</name>
      </input_file>
      <input_file id="fl-80">
         <path>C:\ti\ccsv6\tools\compiler\ti-cgt-msp430_4.4.5\lib\</path>
         <kind>archive</kind>
         <file>rts430x_lc_rd_eabi.lib</file>
         <name>xatan.obj</name>
      </input_file>
      <input_file id="fl-81">
         <path>C:\ti\ccsv6\tools\compiler\ti-cgt-msp430_4.4.5\lib\</path>
         <kind>archive</kind>
         <file>rts430x_lc_rd_eabi.lib</file>
         <name>xdint.obj</name>
      </input_file>
      <input_file id="fl-82">
         <path>C:\ti\ccsv6\tools\compiler\ti-cgt-msp430_4.4.5\lib\</path>
         <kind>archive</kind>
         <file>rts430x_lc_rd_eabi.lib</file>
         <name>xdunscal.obj</name>
      </input_file>
      <input_file id="fl-83">
         <path>C:\ti\ccsv6\tools\compiler\ti-cgt-msp430_4.4.5\lib\</path>
         <kind>archive</kind>
         <file>rts430x_lc_rd_eabi.lib</file>
         <name>xexp.obj</name>
      </input_file>
      <input_file id="fl-84">
         <path>C:\ti\ccsv6\tools\compiler\ti-cgt-msp430_4.4.5\lib\</path>
         <kind>archive</kind>
         <file>rts430x_lc_rd_eabi.lib</file>
         <name>xferaise.obj</name>
      </input_file>
      <input_file id="fl-85">
         <path>C:\ti\ccsv6\tools\compiler\ti-cgt-msp430_4.4.5\lib\</path>
         <kind>archive</kind>
         <file>rts430x_lc_rd_eabi.lib</file>
         <name>xvalues.obj</name>
      </input_file>
      <input_file id="fl-86">
         <path>C:\ti\ccsv6\tools\compiler\ti-cgt-msp430_4.4.5\lib\</path>
         <kind>archive</kind>
         <file>rts430x_lc_rd_eabi.lib</file>
         <name>_lock.obj</name>
      </input_file>
      <input_file id="fl-87">
         <path>C:\ti\ccsv6\tools\compiler\ti-cgt-msp430_4.4.5\lib\</path>
         <kind>archive</kind>
         <file>rts430x_lc_rd_eabi.lib</file>
         <name>_printfi.obj</name>
      </input_file>
      <input_file id="fl-88">
         <path>C:\ti\ccsv6\tools\compiler\ti-cgt-msp430_4.4.5\lib\</path>
         <kind>archive</kind>
         <file>rts430x_lc_rd_eabi.lib</file>
         <name>args_main.obj</name>
      </input_file>
      <input_file id="fl-89">
         <path>C:\ti\ccsv6\tools\compiler\ti-cgt-msp430_4.4.5\lib\</path>
         <kind>archive</kind>
         <file>rts430x_lc_rd_eabi.lib</file>
         <name>asr32.obj</name>
      </input_file>
      <input_file id="fl-8a">
         <path>C:\ti\ccsv6\tools\compiler\ti-cgt-msp430_4.4.5\lib\</path>
         <kind>archive</kind>
         <file>rts430x_lc_rd_eabi.lib</file>
         <name>atoi.obj</name>
      </input_file>
      <input_file id="fl-8b">
         <path>C:\ti\ccsv6\tools\compiler\ti-cgt-msp430_4.4.5\lib\</path>
         <kind>archive</kind>
         <file>rts430x_lc_rd_eabi.lib</file>
         <name>autoinit_wdt.obj</name>
      </input_file>
      <input_file id="fl-8c">
         <path>C:\ti\ccsv6\tools\compiler\ti-cgt-msp430_4.4.5\lib\</path>
         <kind>archive</kind>
         <file>rts430x_lc_rd_eabi.lib</file>
         <name>ctype.obj</name>
      </input_file>
      <input_file id="fl-8d">
         <path>C:\ti\ccsv6\tools\compiler\ti-cgt-msp430_4.4.5\lib\</path>
         <kind>archive</kind>
         <file>rts430x_lc_rd_eabi.lib</file>
         <name>div32u.obj</name>
      </input_file>
      <input_file id="fl-8e">
         <path>C:\ti\ccsv6\tools\compiler\ti-cgt-msp430_4.4.5\lib\</path>
         <kind>archive</kind>
         <file>rts430x_lc_rd_eabi.lib</file>
         <name>div64u.obj</name>
      </input_file>
      <input_file id="fl-8f">
         <path>C:\ti\ccsv6\tools\compiler\ti-cgt-msp430_4.4.5\lib\</path>
         <kind>archive</kind>
         <file>rts430x_lc_rd_eabi.lib</file>
         <name>errno.obj</name>
      </input_file>
      <input_file id="fl-90">
         <path>C:\ti\ccsv6\tools\compiler\ti-cgt-msp430_4.4.5\lib\</path>
         <kind>archive</kind>
         <file>rts430x_lc_rd_eabi.lib</file>
         <name>feraiseexcept.obj</name>
      </input_file>
      <input_file id="fl-91">
         <path>C:\ti\ccsv6\tools\compiler\ti-cgt-msp430_4.4.5\lib\</path>
         <kind>archive</kind>
         <file>rts430x_lc_rd_eabi.lib</file>
         <name>fixdi.obj</name>
      </input_file>
      <input_file id="fl-92">
         <path>C:\ti\ccsv6\tools\compiler\ti-cgt-msp430_4.4.5\lib\</path>
         <kind>archive</kind>
         <file>rts430x_lc_rd_eabi.lib</file>
         <name>fixdli.obj</name>
      </input_file>
      <input_file id="fl-93">
         <path>C:\ti\ccsv6\tools\compiler\ti-cgt-msp430_4.4.5\lib\</path>
         <kind>archive</kind>
         <file>rts430x_lc_rd_eabi.lib</file>
         <name>frcmpyd.obj</name>
      </input_file>
      <input_file id="fl-94">
         <path>C:\ti\ccsv6\tools\compiler\ti-cgt-msp430_4.4.5\lib\</path>
         <kind>archive</kind>
         <file>rts430x_lc_rd_eabi.lib</file>
         <name>frexp.obj</name>
      </input_file>
      <input_file id="fl-95">
         <path>C:\ti\ccsv6\tools\compiler\ti-cgt-msp430_4.4.5\lib\</path>
         <kind>archive</kind>
         <file>rts430x_lc_rd_eabi.lib</file>
         <name>ldexp.obj</name>
      </input_file>
      <input_file id="fl-96">
         <path>C:\ti\ccsv6\tools\compiler\ti-cgt-msp430_4.4.5\lib\</path>
         <kind>archive</kind>
         <file>rts430x_lc_rd_eabi.lib</file>
         <name>log.obj</name>
      </input_file>
      <input_file id="fl-97">
         <path>C:\ti\ccsv6\tools\compiler\ti-cgt-msp430_4.4.5\lib\</path>
         <kind>archive</kind>
         <file>rts430x_lc_rd_eabi.lib</file>
         <name>lsl64.obj</name>
      </input_file>
      <input_file id="fl-98">
         <path>C:\ti\ccsv6\tools\compiler\ti-cgt-msp430_4.4.5\lib\</path>
         <kind>archive</kind>
         <file>rts430x_lc_rd_eabi.lib</file>
         <name>lsr64.obj</name>
      </input_file>
      <input_file id="fl-99">
         <path>C:\ti\ccsv6\tools\compiler\ti-cgt-msp430_4.4.5\lib\</path>
         <kind>archive</kind>
         <file>rts430x_lc_rd_eabi.lib</file>
         <name>ltoa.obj</name>
      </input_file>
      <input_file id="fl-9a">
         <path>C:\ti\ccsv6\tools\compiler\ti-cgt-msp430_4.4.5\lib\</path>
         <kind>archive</kind>
         <file>rts430x_lc_rd_eabi.lib</file>
         <name>memccpy.obj</name>
      </input_file>
      <input_file id="fl-9b">
         <path>C:\ti\ccsv6\tools\compiler\ti-cgt-msp430_4.4.5\lib\</path>
         <kind>archive</kind>
         <file>rts430x_lc_rd_eabi.lib</file>
         <name>memset.obj</name>
      </input_file>
      <input_file id="fl-9c">
         <path>C:\ti\ccsv6\tools\compiler\ti-cgt-msp430_4.4.5\lib\</path>
         <kind>archive</kind>
         <file>rts430x_lc_rd_eabi.lib</file>
         <name>raise.obj</name>
      </input_file>
      <input_file id="fl-9d">
         <path>C:\ti\ccsv6\tools\compiler\ti-cgt-msp430_4.4.5\lib\</path>
         <kind>archive</kind>
         <file>rts430x_lc_rd_eabi.lib</file>
         <name>signal.obj</name>
      </input_file>
      <input_file id="fl-9e">
         <path>C:\ti\ccsv6\tools\compiler\ti-cgt-msp430_4.4.5\lib\</path>
         <kind>archive</kind>
         <file>rts430x_lc_rd_eabi.lib</file>
         <name>strchr.obj</name>
      </input_file>
      <input_file id="fl-9f">
         <path>C:\ti\ccsv6\tools\compiler\ti-cgt-msp430_4.4.5\lib\</path>
         <kind>archive</kind>
         <file>rts430x_lc_rd_eabi.lib</file>
         <name>strlen.obj</name>
      </input_file>
      <input_file id="fl-a0">
         <path>C:\ti\ccsv6\tools\compiler\ti-cgt-msp430_4.4.5\lib\</path>
         <kind>archive</kind>
         <file>rts430x_lc_rd_eabi.lib</file>
         <name>toupper.obj</name>
      </input_file>
      <input_file id="fl-a1">
         <path>C:\ti\ccsv6\tools\compiler\ti-cgt-msp430_4.4.5\lib\</path>
         <kind>archive</kind>
         <file>rts430x_lc_rd_eabi.lib</file>
         <name>xdclass.obj</name>
      </input_file>
      <input_file id="fl-a2">
         <path>C:\ti\ccsv6\tools\compiler\ti-cgt-msp430_4.4.5\lib\</path>
         <kind>archive</kind>
         <file>rts430x_lc_rd_eabi.lib</file>
         <name>xdnorm.obj</name>
      </input_file>
      <input_file id="fl-a3">
         <path>C:\ti\ccsv6\tools\compiler\ti-cgt-msp430_4.4.5\lib\</path>
         <kind>archive</kind>
         <file>rts430x_lc_rd_eabi.lib</file>
         <name>xdscale.obj</name>
      </input_file>
      <input_file id="fl-a4">
         <path>C:\ti\ccsv6\tools\compiler\ti-cgt-msp430_4.4.5\lib\</path>
         <kind>archive</kind>
         <file>rts430x_lc_rd_eabi.lib</file>
         <name>xlog.obj</name>
      </input_file>
      <input_file id="fl-a5">
         <path>C:\ti\ccsv6\tools\compiler\ti-cgt-msp430_4.4.5\lib\</path>
         <kind>archive</kind>
         <file>rts430x_lc_rd_eabi.lib</file>
         <name>abs.obj</name>
      </input_file>
      <input_file id="fl-a6">
         <path>C:\ti\ccsv6\tools\compiler\ti-cgt-msp430_4.4.5\lib\</path>
         <kind>archive</kind>
         <file>rts430x_lc_rd_eabi.lib</file>
         <name>div32s.obj</name>
      </input_file>
      <input_file id="fl-a7">
         <path>C:\ti\ccsv6\tools\compiler\ti-cgt-msp430_4.4.5\lib\</path>
         <kind>archive</kind>
         <file>rts430x_lc_rd_eabi.lib</file>
         <name>fs_neg.obj</name>
      </input_file>
      <input_file id="fl-a8">
         <path>C:\ti\ccsv6\tools\compiler\ti-cgt-msp430_4.4.5\lib\</path>
         <kind>archive</kind>
         <file>rts430x_lc_rd_eabi.lib</file>
         <name>lsl16.obj</name>
      </input_file>
      <input_file id="fl-a9">
         <path>C:\ti\ccsv6\tools\compiler\ti-cgt-msp430_4.4.5\lib\</path>
         <kind>archive</kind>
         <file>rts430x_lc_rd_eabi.lib</file>
         <name>lsr16.obj</name>
      </input_file>
      <input_file id="fl-aa">
         <path>C:\ti\ccsv6\tools\compiler\ti-cgt-msp430_4.4.5\lib\</path>
         <kind>archive</kind>
         <file>rts430x_lc_rd_eabi.lib</file>
         <name>xfvalues.obj</name>
      </input_file>
   </input_file_list>
   <object_component_list>
      <object_component id="oc-34a">
         <name>.common:_absolutePressure</name>
         <uninitialized>true</uninitialized>
         <run_address>0x266c</run_address>
         <size>0x4</size>
      </object_component>
      <object_component id="oc-39b">
         <name>.common:AC1</name>
         <uninitialized>true</uninitialized>
         <run_address>0x26c4</run_address>
         <size>0x2</size>
      </object_component>
      <object_component id="oc-39c">
         <name>.common:AC2</name>
         <uninitialized>true</uninitialized>
         <run_address>0x26c6</run_address>
         <size>0x2</size>
      </object_component>
      <object_component id="oc-39d">
         <name>.common:AC3</name>
         <uninitialized>true</uninitialized>
         <run_address>0x26c8</run_address>
         <size>0x2</size>
      </object_component>
      <object_component id="oc-3a7">
         <name>.common:VB1</name>
         <uninitialized>true</uninitialized>
         <run_address>0x26d6</run_address>
         <size>0x2</size>
      </object_component>
      <object_component id="oc-3a8">
         <name>.common:VB2</name>
         <uninitialized>true</uninitialized>
         <run_address>0x26d8</run_address>
         <size>0x2</size>
      </object_component>
      <object_component id="oc-3a9">
         <name>.common:MB</name>
         <uninitialized>true</uninitialized>
         <run_address>0x26d0</run_address>
         <size>0x2</size>
      </object_component>
      <object_component id="oc-3aa">
         <name>.common:MC</name>
         <uninitialized>true</uninitialized>
         <run_address>0x26d2</run_address>
         <size>0x2</size>
      </object_component>
      <object_component id="oc-3ab">
         <name>.common:MD</name>
         <uninitialized>true</uninitialized>
         <run_address>0x26d4</run_address>
         <size>0x2</size>
      </object_component>
      <object_component id="oc-3a4">
         <name>.common:AC4</name>
         <uninitialized>true</uninitialized>
         <run_address>0x26ca</run_address>
         <size>0x2</size>
      </object_component>
      <object_component id="oc-3a5">
         <name>.common:AC5</name>
         <uninitialized>true</uninitialized>
         <run_address>0x26cc</run_address>
         <size>0x2</size>
      </object_component>
      <object_component id="oc-3a6">
         <name>.common:AC6</name>
         <uninitialized>true</uninitialized>
         <run_address>0x26ce</run_address>
         <size>0x2</size>
      </object_component>
      <object_component id="oc-3b8">
         <name>.common:c5</name>
         <uninitialized>true</uninitialized>
         <run_address>0x2674</run_address>
         <size>0x4</size>
      </object_component>
      <object_component id="oc-3b9">
         <name>.common:c6</name>
         <uninitialized>true</uninitialized>
         <run_address>0x2678</run_address>
         <size>0x4</size>
      </object_component>
      <object_component id="oc-3ba">
         <name>.common:mc</name>
         <uninitialized>true</uninitialized>
         <run_address>0x2684</run_address>
         <size>0x4</size>
      </object_component>
      <object_component id="oc-3bb">
         <name>.common:md</name>
         <uninitialized>true</uninitialized>
         <run_address>0x2688</run_address>
         <size>0x4</size>
      </object_component>
      <object_component id="oc-3bc">
         <name>.common:x0</name>
         <uninitialized>true</uninitialized>
         <run_address>0x26ac</run_address>
         <size>0x4</size>
      </object_component>
      <object_component id="oc-3bd">
         <name>.common:x1</name>
         <uninitialized>true</uninitialized>
         <run_address>0x26b0</run_address>
         <size>0x4</size>
      </object_component>
      <object_component id="oc-3be">
         <name>.common:x2</name>
         <uninitialized>true</uninitialized>
         <run_address>0x26b4</run_address>
         <size>0x4</size>
      </object_component>
      <object_component id="oc-3bf">
         <name>.common:y0</name>
         <uninitialized>true</uninitialized>
         <run_address>0x26b8</run_address>
         <size>0x4</size>
      </object_component>
      <object_component id="oc-3c0">
         <name>.common:y1</name>
         <uninitialized>true</uninitialized>
         <run_address>0x26bc</run_address>
         <size>0x4</size>
      </object_component>
      <object_component id="oc-3c1">
         <name>.common:y2</name>
         <uninitialized>true</uninitialized>
         <run_address>0x26c0</run_address>
         <size>0x4</size>
      </object_component>
      <object_component id="oc-3c2">
         <name>.common:p0</name>
         <uninitialized>true</uninitialized>
         <run_address>0x268c</run_address>
         <size>0x4</size>
      </object_component>
      <object_component id="oc-3c9">
         <name>.common:p1</name>
         <uninitialized>true</uninitialized>
         <run_address>0x2690</run_address>
         <size>0x4</size>
      </object_component>
      <object_component id="oc-3ca">
         <name>.common:p2</name>
         <uninitialized>true</uninitialized>
         <run_address>0x2694</run_address>
         <size>0x4</size>
      </object_component>
      <object_component id="oc-400">
         <name>.common:k$3</name>
         <uninitialized>true</uninitialized>
         <run_address>0x26de</run_address>
         <size>0x1</size>
      </object_component>
      <object_component id="oc-16b">
         <name>.common:PTxData</name>
         <uninitialized>true</uninitialized>
         <run_address>0x2668</run_address>
         <size>0x4</size>
      </object_component>
      <object_component id="oc-166">
         <name>.common:TXByteCtr</name>
         <uninitialized>true</uninitialized>
         <run_address>0x26dd</run_address>
         <size>0x1</size>
      </object_component>
      <object_component id="oc-16a">
         <name>.common:sending</name>
         <uninitialized>true</uninitialized>
         <run_address>0x26df</run_address>
         <size>0x1</size>
      </object_component>
      <object_component id="oc-165">
         <name>.common:PRxData</name>
         <uninitialized>true</uninitialized>
         <run_address>0x2664</run_address>
         <size>0x4</size>
      </object_component>
      <object_component id="oc-162">
         <name>.common:RXByteCtr</name>
         <uninitialized>true</uninitialized>
         <run_address>0x26dc</run_address>
         <size>0x1</size>
      </object_component>
      <object_component id="oc-4ef">
         <name>.common:RxBuffer</name>
         <uninitialized>true</uninitialized>
         <run_address>0x264e</run_address>
         <size>0xa</size>
      </object_component>
      <object_component id="oc-426">
         <name>.common:light</name>
         <uninitialized>true</uninitialized>
         <run_address>0x26da</run_address>
         <size>0x2</size>
      </object_component>
      <object_component id="oc-2a3">
         <name>.common:accl</name>
         <uninitialized>true</uninitialized>
         <run_address>0x2658</run_address>
         <size>0x6</size>
      </object_component>
      <object_component id="oc-2b9">
         <name>.common:gyro</name>
         <uninitialized>true</uninitialized>
         <run_address>0x265e</run_address>
         <size>0x6</size>
      </object_component>
      <object_component id="oc-235">
         <name>.common:tempMPU9150_f</name>
         <uninitialized>true</uninitialized>
         <run_address>0x269c</run_address>
         <size>0x4</size>
      </object_component>
      <object_component id="oc-212">
         <name>.common:tempBMP180_f</name>
         <uninitialized>true</uninitialized>
         <run_address>0x2698</run_address>
         <size>0x4</size>
      </object_component>
      <object_component id="oc-227">
         <name>.common:tempTMP006_f</name>
         <uninitialized>true</uninitialized>
         <run_address>0x26a4</run_address>
         <size>0x4</size>
      </object_component>
      <object_component id="oc-22e">
         <name>.common:tempSHT21_f</name>
         <uninitialized>true</uninitialized>
         <run_address>0x26a0</run_address>
         <size>0x4</size>
      </object_component>
      <object_component id="oc-246">
         <name>.common:tempfiltered</name>
         <uninitialized>true</uninitialized>
         <run_address>0x26a8</run_address>
         <size>0x4</size>
      </object_component>
      <object_component id="oc-209">
         <name>.common:humSHT21_f</name>
         <uninitialized>true</uninitialized>
         <run_address>0x267c</run_address>
         <size>0x4</size>
      </object_component>
      <object_component id="oc-220">
         <name>.common:lightfiltered</name>
         <uninitialized>true</uninitialized>
         <run_address>0x2680</run_address>
         <size>0x4</size>
      </object_component>
      <object_component id="oc-219">
         <name>.common:absolutePressure</name>
         <uninitialized>true</uninitialized>
         <run_address>0x2670</run_address>
         <size>0x4</size>
      </object_component>
      <object_component id="oc-cf">
         <name>.stack</name>
         <uninitialized>true</uninitialized>
         <run_address>0x4360</run_address>
         <size>0x4</size>
         <input_file_ref idref="fl-41"/>
      </object_component>
      <object_component id="oc-741">
         <name>.stack</name>
         <uninitialized>true</uninitialized>
         <run_address>0x4360</run_address>
         <size>0x0</size>
      </object_component>
      <object_component id="oc-3ac">
         <name>.text:pow</name>
         <load_address>0x10000</load_address>
         <run_address>0x10000</run_address>
         <size>0x68a</size>
         <input_file_ref idref="fl-7b"/>
      </object_component>
      <object_component id="oc-291">
         <name>.text:initBMP180</name>
         <load_address>0x1068a</load_address>
         <run_address>0x1068a</run_address>
         <size>0x4a6</size>
         <input_file_ref idref="fl-2"/>
      </object_component>
      <object_component id="oc-2e8">
         <name>.text:__TI_frcdivd</name>
         <load_address>0x10b30</load_address>
         <run_address>0x10b30</run_address>
         <size>0x452</size>
         <input_file_ref idref="fl-53"/>
      </object_component>
      <object_component id="oc-539">
         <name>.text:_Log</name>
         <load_address>0x10f82</load_address>
         <run_address>0x10f82</run_address>
         <size>0x420</size>
         <input_file_ref idref="fl-a4"/>
      </object_component>
      <object_component id="oc-67b">
         <name>.text:__mspabi_divull</name>
         <load_address>0x113a2</load_address>
         <run_address>0x113a2</run_address>
         <size>0x39a</size>
         <input_file_ref idref="fl-8e"/>
      </object_component>
      <object_component id="oc-499">
         <name>.text:_Exp</name>
         <load_address>0x1173c</load_address>
         <run_address>0x1173c</run_address>
         <size>0x388</size>
         <input_file_ref idref="fl-83"/>
      </object_component>
      <object_component id="oc-12b">
         <name>.text:main</name>
         <load_address>0x11ac4</load_address>
         <run_address>0x11ac4</run_address>
         <size>0x30e</size>
         <input_file_ref idref="fl-a"/>
      </object_component>
      <object_component id="oc-2db">
         <name>.text:__TI_frcmpyd</name>
         <load_address>0x11dd2</load_address>
         <run_address>0x11dd2</run_address>
         <size>0x2e4</size>
         <input_file_ref idref="fl-93"/>
      </object_component>
      <object_component id="oc-320">
         <name>.text:__mspabi_addd</name>
         <load_address>0x120b6</load_address>
         <run_address>0x120b6</run_address>
         <size>0x2d8</size>
         <input_file_ref idref="fl-3f"/>
      </object_component>
      <object_component id="oc-2d2">
         <name>.text:_Atan</name>
         <load_address>0x1238e</load_address>
         <run_address>0x1238e</run_address>
         <size>0x2a4</size>
         <input_file_ref idref="fl-80"/>
      </object_component>
      <object_component id="oc-1d9">
         <name>.text:__mspabi_mpyd</name>
         <load_address>0x12632</load_address>
         <run_address>0x12632</run_address>
         <size>0x282</size>
         <input_file_ref idref="fl-72"/>
      </object_component>
      <object_component id="oc-4d0">
         <name>.text:_setfield</name>
         <load_address>0x128b4</load_address>
         <run_address>0x128b4</run_address>
         <size>0x262</size>
         <input_file_ref idref="fl-87"/>
      </object_component>
      <object_component id="oc-344">
         <name>.text:readPressure</name>
         <load_address>0x12b16</load_address>
         <run_address>0x12b16</run_address>
         <size>0x262</size>
         <input_file_ref idref="fl-2"/>
      </object_component>
      <object_component id="oc-43b">
         <name>.text:__TI_frcaddd</name>
         <load_address>0x12d78</load_address>
         <run_address>0x12d78</run_address>
         <size>0x252</size>
         <input_file_ref idref="fl-52"/>
      </object_component>
      <object_component id="oc-1df">
         <name>.text:__mspabi_divd</name>
         <load_address>0x12fca</load_address>
         <run_address>0x12fca</run_address>
         <size>0x222</size>
         <input_file_ref idref="fl-4b"/>
      </object_component>
      <object_component id="oc-569">
         <name>.text:_pproc_fgea</name>
         <load_address>0x131ec</load_address>
         <run_address>0x131ec</run_address>
         <size>0x218</size>
         <input_file_ref idref="fl-87"/>
      </object_component>
      <object_component id="oc-630">
         <name>.text:ecvt</name>
         <load_address>0x13404</load_address>
         <run_address>0x13404</run_address>
         <size>0x218</size>
         <input_file_ref idref="fl-87"/>
      </object_component>
      <object_component id="oc-657">
         <name>.text:acvt</name>
         <load_address>0x1361c</load_address>
         <run_address>0x1361c</run_address>
         <size>0x212</size>
         <input_file_ref idref="fl-87"/>
      </object_component>
      <object_component id="oc-1cd">
         <name>.text:atan2</name>
         <load_address>0x1382e</load_address>
         <run_address>0x1382e</run_address>
         <size>0x20c</size>
         <input_file_ref idref="fl-40"/>
      </object_component>
      <object_component id="oc-418">
         <name>.text:__TI_printfi</name>
         <load_address>0x13a3a</load_address>
         <run_address>0x13a3a</run_address>
         <size>0x202</size>
         <input_file_ref idref="fl-87"/>
      </object_component>
      <object_component id="oc-643">
         <name>.text:fcvt</name>
         <load_address>0x13c3c</load_address>
         <run_address>0x13c3c</run_address>
         <size>0x202</size>
         <input_file_ref idref="fl-87"/>
      </object_component>
      <object_component id="oc-5eb">
         <name>.text:_pconv_e</name>
         <load_address>0x13e3e</load_address>
         <run_address>0x13e3e</run_address>
         <size>0x1a4</size>
         <input_file_ref idref="fl-87"/>
      </object_component>
      <object_component id="oc-546">
         <name>.text:_Dscale</name>
         <load_address>0x13fe2</load_address>
         <run_address>0x13fe2</run_address>
         <size>0x19e</size>
         <input_file_ref idref="fl-a3"/>
      </object_component>
      <object_component id="oc-5c6">
         <name>.text:_getarg_diouxp</name>
         <load_address>0x14180</load_address>
         <run_address>0x14180</run_address>
         <size>0x188</size>
         <input_file_ref idref="fl-87"/>
      </object_component>
      <object_component id="oc-5f1">
         <name>.text:_pconv_a</name>
         <load_address>0x14308</load_address>
         <run_address>0x14308</run_address>
         <size>0x16e</size>
         <input_file_ref idref="fl-87"/>
      </object_component>
      <object_component id="oc-563">
         <name>.text:_pproc_diouxp</name>
         <load_address>0x14476</load_address>
         <run_address>0x14476</run_address>
         <size>0x148</size>
         <input_file_ref idref="fl-87"/>
      </object_component>
      <object_component id="oc-236">
         <name>.text</name>
         <load_address>0x145be</load_address>
         <run_address>0x145be</run_address>
         <size>0x130</size>
         <input_file_ref idref="fl-54"/>
      </object_component>
      <object_component id="oc-1eb">
         <name>.text:AngleCalculate</name>
         <load_address>0x146ee</load_address>
         <run_address>0x146ee</run_address>
         <size>0x104</size>
         <input_file_ref idref="fl-3"/>
      </object_component>
      <object_component id="oc-21a">
         <name>.text:medianFilter</name>
         <load_address>0x147f2</load_address>
         <run_address>0x147f2</run_address>
         <size>0x102</size>
         <input_file_ref idref="fl-3"/>
      </object_component>
      <object_component id="oc-51f">
         <name>.text:_Dnorm</name>
         <load_address>0x148f4</load_address>
         <run_address>0x148f4</run_address>
         <size>0x100</size>
         <input_file_ref idref="fl-a2"/>
      </object_component>
      <object_component id="oc-5df">
         <name>.text:_pconv_g</name>
         <load_address>0x149f4</load_address>
         <run_address>0x149f4</run_address>
         <size>0xfc</size>
         <input_file_ref idref="fl-87"/>
      </object_component>
      <object_component id="oc-4ca">
         <name>.text:_pproc_fwp</name>
         <load_address>0x14af0</load_address>
         <run_address>0x14af0</run_address>
         <size>0xfa</size>
         <input_file_ref idref="fl-87"/>
      </object_component>
      <object_component id="oc-1af">
         <name>.text:checkState</name>
         <load_address>0x14bea</load_address>
         <run_address>0x14bea</run_address>
         <size>0xf8</size>
         <input_file_ref idref="fl-a"/>
      </object_component>
      <object_component id="oc-2cc">
         <name>.text:__mspabi_cmpd</name>
         <load_address>0x14ce2</load_address>
         <run_address>0x14ce2</run_address>
         <size>0xd8</size>
         <input_file_ref idref="fl-43"/>
      </object_component>
      <object_component id="oc-475">
         <name>.text:_Dint</name>
         <load_address>0x14dba</load_address>
         <run_address>0x14dba</run_address>
         <size>0xcc</size>
         <input_file_ref idref="fl-81"/>
      </object_component>
      <object_component id="oc-2b1">
         <name>.text</name>
         <load_address>0x14e86</load_address>
         <run_address>0x14e86</run_address>
         <size>0xb6</size>
         <input_file_ref idref="fl-58"/>
      </object_component>
      <object_component id="oc-508">
         <name>.text:__TI_renormd</name>
         <load_address>0x14f3c</load_address>
         <run_address>0x14f3c</run_address>
         <size>0xb2</size>
         <input_file_ref idref="fl-7d"/>
      </object_component>
      <object_component id="oc-4d6">
         <name>.text:_pproc_str</name>
         <load_address>0x14fee</load_address>
         <run_address>0x14fee</run_address>
         <size>0xa8</size>
         <input_file_ref idref="fl-87"/>
      </object_component>
      <object_component id="oc-335">
         <name>.text:readTemperature</name>
         <load_address>0x15096</load_address>
         <run_address>0x15096</run_address>
         <size>0xa0</size>
         <input_file_ref idref="fl-2"/>
      </object_component>
      <object_component id="oc-5cc">
         <name>.text:_ltostr</name>
         <load_address>0x15136</load_address>
         <run_address>0x15136</run_address>
         <size>0x9e</size>
         <input_file_ref idref="fl-87"/>
      </object_component>
      <object_component id="oc-487">
         <name>.text:__mspabi_fltlid</name>
         <load_address>0x151d4</load_address>
         <run_address>0x151d4</run_address>
         <size>0x94</size>
         <input_file_ref idref="fl-4f"/>
      </object_component>
      <object_component id="oc-636">
         <name>.text:_ecpy</name>
         <load_address>0x15268</load_address>
         <run_address>0x15268</run_address>
         <size>0x94</size>
         <input_file_ref idref="fl-87"/>
      </object_component>
      <object_component id="oc-63c">
         <name>.text:_mcpy</name>
         <load_address>0x152fc</load_address>
         <run_address>0x152fc</run_address>
         <size>0x90</size>
         <input_file_ref idref="fl-87"/>
      </object_component>
      <object_component id="oc-23b">
         <name>.text</name>
         <load_address>0x1538c</load_address>
         <run_address>0x1538c</run_address>
         <size>0x8e</size>
         <input_file_ref idref="fl-56"/>
      </object_component>
      <object_component id="oc-1e5">
         <name>.text:__mspabi_cvtdf</name>
         <load_address>0x1541a</load_address>
         <run_address>0x1541a</run_address>
         <size>0x8c</size>
         <input_file_ref idref="fl-47"/>
      </object_component>
      <object_component id="oc-2f7">
         <name>.text:FIR</name>
         <load_address>0x154a6</load_address>
         <run_address>0x154a6</run_address>
         <size>0x8a</size>
         <input_file_ref idref="fl-3"/>
      </object_component>
      <object_component id="oc-626">
         <name>.text:_div</name>
         <load_address>0x15530</load_address>
         <run_address>0x15530</run_address>
         <size>0x88</size>
         <input_file_ref idref="fl-87"/>
      </object_component>
      <object_component id="oc-691">
         <name>.text:ldexp</name>
         <load_address>0x155b8</load_address>
         <run_address>0x155b8</run_address>
         <size>0x86</size>
         <input_file_ref idref="fl-95"/>
      </object_component>
      <object_component id="oc-1b8">
         <name>.text:getMPU6050Acc</name>
         <load_address>0x1563e</load_address>
         <run_address>0x1563e</run_address>
         <size>0x80</size>
         <input_file_ref idref="fl-6"/>
      </object_component>
      <object_component id="oc-1c1">
         <name>.text:getMPU6050Gyro</name>
         <load_address>0x156be</load_address>
         <run_address>0x156be</run_address>
         <size>0x80</size>
         <input_file_ref idref="fl-6"/>
      </object_component>
      <object_component id="oc-684">
         <name>.text:ltoa</name>
         <load_address>0x1573e</load_address>
         <run_address>0x1573e</run_address>
         <size>0x80</size>
         <input_file_ref idref="fl-99"/>
      </object_component>
      <object_component id="oc-5e5">
         <name>.text:_pconv_f</name>
         <load_address>0x157be</load_address>
         <run_address>0x157be</run_address>
         <size>0x78</size>
         <input_file_ref idref="fl-87"/>
      </object_component>
      <object_component id="oc-42a">
         <name>.text:__mspabi_fltuld</name>
         <load_address>0x15836</load_address>
         <run_address>0x15836</run_address>
         <size>0x76</size>
         <input_file_ref idref="fl-51"/>
      </object_component>
      <object_component id="oc-46f">
         <name>.text:_Dunscale</name>
         <load_address>0x158ac</load_address>
         <run_address>0x158ac</run_address>
         <size>0x72</size>
         <input_file_ref idref="fl-82"/>
      </object_component>
      <object_component id="oc-111">
         <name>.text:_auto_init_hold_wdt</name>
         <load_address>0x1591e</load_address>
         <run_address>0x1591e</run_address>
         <size>0x6c</size>
         <input_file_ref idref="fl-8b"/>
      </object_component>
      <object_component id="oc-33e">
         <name>.text:startPressure</name>
         <load_address>0x1598a</load_address>
         <run_address>0x1598a</run_address>
         <size>0x6c</size>
         <input_file_ref idref="fl-2"/>
      </object_component>
      <object_component id="oc-e0">
         <name>.text:__TI_decompress_rle_core</name>
         <load_address>0x159f6</load_address>
         <run_address>0x159f6</run_address>
         <size>0x68</size>
         <input_file_ref idref="fl-45"/>
      </object_component>
      <object_component id="oc-481">
         <name>.text:__mspabi_fixdli</name>
         <load_address>0x15a5e</load_address>
         <run_address>0x15a5e</run_address>
         <size>0x66</size>
         <input_file_ref idref="fl-92"/>
      </object_component>
      <object_component id="oc-1c7">
         <name>.text:__mspabi_cvtfd</name>
         <load_address>0x15ac4</load_address>
         <run_address>0x15ac4</run_address>
         <size>0x64</size>
         <input_file_ref idref="fl-48"/>
      </object_component>
      <object_component id="oc-555">
         <name>.text:atoi</name>
         <load_address>0x15b28</load_address>
         <run_address>0x15b28</run_address>
         <size>0x62</size>
         <input_file_ref idref="fl-8a"/>
      </object_component>
      <object_component id="oc-676">
         <name>.text</name>
         <load_address>0x15b8a</load_address>
         <run_address>0x15b8a</run_address>
         <size>0x58</size>
         <input_file_ref idref="fl-8d"/>
      </object_component>
      <object_component id="oc-1f1">
         <name>.text:print</name>
         <load_address>0x15be2</load_address>
         <run_address>0x15be2</run_address>
         <size>0x52</size>
         <input_file_ref idref="fl-9"/>
      </object_component>
      <object_component id="oc-2a6">
         <name>.text:readMPU6050Acc</name>
         <load_address>0x15c34</load_address>
         <run_address>0x15c34</run_address>
         <size>0x52</size>
         <input_file_ref idref="fl-6"/>
      </object_component>
      <object_component id="oc-2ba">
         <name>.text:readMPU6050Gyro</name>
         <load_address>0x15c86</load_address>
         <run_address>0x15c86</run_address>
         <size>0x52</size>
         <input_file_ref idref="fl-6"/>
      </object_component>
      <object_component id="oc-5d9">
         <name>.text:_Dclass</name>
         <load_address>0x15cd8</load_address>
         <run_address>0x15cd8</run_address>
         <size>0x50</size>
         <input_file_ref idref="fl-a1"/>
      </object_component>
      <object_component id="oc-649">
         <name>.text:_fcpy</name>
         <load_address>0x15d28</load_address>
         <run_address>0x15d28</run_address>
         <size>0x4e</size>
         <input_file_ref idref="fl-87"/>
      </object_component>
      <object_component id="oc-240">
         <name>.text:averageFilter</name>
         <load_address>0x15d76</load_address>
         <run_address>0x15d76</run_address>
         <size>0x4c</size>
         <input_file_ref idref="fl-3"/>
      </object_component>
      <object_component id="oc-228">
         <name>.text:getSHT21TEMP</name>
         <load_address>0x15dc2</load_address>
         <run_address>0x15dc2</run_address>
         <size>0x4a</size>
         <input_file_ref idref="fl-7"/>
      </object_component>
      <object_component id="oc-34d">
         <name>.text</name>
         <load_address>0x15e0c</load_address>
         <run_address>0x15e0c</run_address>
         <size>0x4a</size>
         <input_file_ref idref="fl-55"/>
      </object_component>
      <object_component id="oc-30d">
         <name>.text:readISL29023</name>
         <load_address>0x15e56</load_address>
         <run_address>0x15e56</run_address>
         <size>0x48</size>
         <input_file_ref idref="fl-5"/>
      </object_component>
      <object_component id="oc-4c4">
         <name>.text:_pproc_fflags</name>
         <load_address>0x15e9e</load_address>
         <run_address>0x15e9e</run_address>
         <size>0x46</size>
         <input_file_ref idref="fl-87"/>
      </object_component>
      <object_component id="oc-305">
         <name>.text:sprintf</name>
         <load_address>0x15ee4</load_address>
         <run_address>0x15ee4</run_address>
         <size>0x44</size>
         <input_file_ref idref="fl-7e"/>
      </object_component>
      <object_component id="oc-651">
         <name>.text:frexp</name>
         <load_address>0x15f28</load_address>
         <run_address>0x15f28</run_address>
         <size>0x42</size>
         <input_file_ref idref="fl-94"/>
      </object_component>
      <object_component id="oc-188">
         <name>.text:initDebugging</name>
         <load_address>0x15f6a</load_address>
         <run_address>0x15f6a</run_address>
         <size>0x42</size>
         <input_file_ref idref="fl-a"/>
      </object_component>
      <object_component id="oc-382">
         <name>.text:sendI2C</name>
         <load_address>0x15fac</load_address>
         <run_address>0x15fac</run_address>
         <size>0x42</size>
         <input_file_ref idref="fl-4"/>
      </object_component>
      <object_component id="oc-512">
         <name>.text:sendI2CBytes</name>
         <load_address>0x15fee</load_address>
         <run_address>0x15fee</run_address>
         <size>0x42</size>
         <input_file_ref idref="fl-4"/>
      </object_component>
      <object_component id="oc-1fd">
         <name>.text:getISL29023AMB</name>
         <load_address>0x16030</load_address>
         <run_address>0x16030</run_address>
         <size>0x40</size>
         <input_file_ref idref="fl-5"/>
      </object_component>
      <object_component id="oc-203">
         <name>.text:getSHT21HUM</name>
         <load_address>0x16070</load_address>
         <run_address>0x16070</run_address>
         <size>0x40</size>
         <input_file_ref idref="fl-7"/>
      </object_component>
      <object_component id="oc-45f">
         <name>.text:readI2CBytes</name>
         <load_address>0x160b0</load_address>
         <run_address>0x160b0</run_address>
         <size>0x40</size>
         <input_file_ref idref="fl-4"/>
      </object_component>
      <object_component id="oc-6b2">
         <name>.text</name>
         <load_address>0x160f0</load_address>
         <run_address>0x160f0</run_address>
         <size>0x40</size>
         <input_file_ref idref="fl-a6"/>
      </object_component>
      <object_component id="oc-213">
         <name>.text:getBMP180Prs</name>
         <load_address>0x16130</load_address>
         <run_address>0x16130</run_address>
         <size>0x3e</size>
         <input_file_ref idref="fl-2"/>
      </object_component>
      <object_component id="oc-69d">
         <name>.text:incr_hex</name>
         <load_address>0x1616e</load_address>
         <run_address>0x1616e</run_address>
         <size>0x3e</size>
         <input_file_ref idref="fl-87"/>
      </object_component>
      <object_component id="oc-2c1">
         <name>.text:l_asr_const</name>
         <load_address>0x161ac</load_address>
         <run_address>0x161ac</run_address>
         <size>0x3e</size>
         <input_file_ref idref="fl-89"/>
      </object_component>
      <object_component id="oc-2f0">
         <name>.text:l_lsl_const</name>
         <load_address>0x161ea</load_address>
         <run_address>0x161ea</run_address>
         <size>0x3e</size>
         <input_file_ref idref="fl-6e"/>
      </object_component>
      <object_component id="oc-3e6">
         <name>.text:l_lsr_const</name>
         <load_address>0x16228</load_address>
         <run_address>0x16228</run_address>
         <size>0x3e</size>
         <input_file_ref idref="fl-6f"/>
      </object_component>
      <object_component id="oc-6aa">
         <name>.text:__mspabi_sllll</name>
         <load_address>0x16266</load_address>
         <run_address>0x16266</run_address>
         <size>0x3a</size>
         <input_file_ref idref="fl-97"/>
      </object_component>
      <object_component id="oc-670">
         <name>.text:__mspabi_srlll</name>
         <load_address>0x162a0</load_address>
         <run_address>0x162a0</run_address>
         <size>0x3a</size>
         <input_file_ref idref="fl-98"/>
      </object_component>
      <object_component id="oc-195">
         <name>.text:initI2C</name>
         <load_address>0x162da</load_address>
         <run_address>0x162da</run_address>
         <size>0x3a</size>
         <input_file_ref idref="fl-4"/>
      </object_component>
      <object_component id="oc-28b">
         <name>.text:initMPU9150</name>
         <load_address>0x16314</load_address>
         <run_address>0x16314</run_address>
         <size>0x3a</size>
         <input_file_ref idref="fl-6"/>
      </object_component>
      <object_component id="oc-434">
         <name>.text:readI2CWord</name>
         <load_address>0x1634e</load_address>
         <run_address>0x1634e</run_address>
         <size>0x38</size>
         <input_file_ref idref="fl-4"/>
      </object_component>
      <object_component id="oc-60b">
         <name>.text:signal</name>
         <load_address>0x16386</load_address>
         <run_address>0x16386</run_address>
         <size>0x38</size>
         <input_file_ref idref="fl-9d"/>
      </object_component>
      <object_component id="oc-47b">
         <name>.text:_Feraise</name>
         <load_address>0x163be</load_address>
         <run_address>0x163be</run_address>
         <size>0x36</size>
         <input_file_ref idref="fl-84"/>
      </object_component>
      <object_component id="oc-279">
         <name>.text:initISL29023</name>
         <load_address>0x163f4</load_address>
         <run_address>0x163f4</run_address>
         <size>0x36</size>
         <input_file_ref idref="fl-5"/>
      </object_component>
      <object_component id="oc-2ac">
         <name>.text</name>
         <load_address>0x1642a</load_address>
         <run_address>0x1642a</run_address>
         <size>0x36</size>
         <input_file_ref idref="fl-57"/>
      </object_component>
      <object_component id="oc-52b">
         <name>.text:feraiseexcept</name>
         <load_address>0x16460</load_address>
         <run_address>0x16460</run_address>
         <size>0x34</size>
         <input_file_ref idref="fl-90"/>
      </object_component>
      <object_component id="oc-22f">
         <name>.text:readMPU6050Temp</name>
         <load_address>0x16494</load_address>
         <run_address>0x16494</run_address>
         <size>0x34</size>
         <input_file_ref idref="fl-6"/>
      </object_component>
      <object_component id="oc-3c3">
         <name>.text:__mspabi_subd</name>
         <load_address>0x164c8</load_address>
         <run_address>0x164c8</run_address>
         <size>0x32</size>
         <input_file_ref idref="fl-7f"/>
      </object_component>
      <object_component id="oc-593">
         <name>.text:raise</name>
         <load_address>0x164fa</load_address>
         <run_address>0x164fa</run_address>
         <size>0x32</size>
         <input_file_ref idref="fl-9c"/>
      </object_component>
      <object_component id="oc-420">
         <name>.text:readI2C</name>
         <load_address>0x1652c</load_address>
         <run_address>0x1652c</run_address>
         <size>0x32</size>
         <input_file_ref idref="fl-4"/>
      </object_component>
      <object_component id="oc-1d3">
         <name>.text:__mspabi_negd</name>
         <load_address>0x1655e</load_address>
         <run_address>0x1655e</run_address>
         <size>0x2e</size>
         <input_file_ref idref="fl-7a"/>
      </object_component>
      <object_component id="oc-367">
         <name>.text:MPU6050_ReadData</name>
         <load_address>0x1658c</load_address>
         <run_address>0x1658c</run_address>
         <size>0x2c</size>
         <input_file_ref idref="fl-6"/>
      </object_component>
      <object_component id="oc-15c">
         <name>.text</name>
         <load_address>0x165b8</load_address>
         <run_address>0x165b8</run_address>
         <size>0x2c</size>
         <input_file_ref idref="fl-49"/>
      </object_component>
      <object_component id="oc-19c">
         <name>.text:initUART</name>
         <load_address>0x165e4</load_address>
         <run_address>0x165e4</run_address>
         <size>0x2a</size>
         <input_file_ref idref="fl-9"/>
      </object_component>
      <object_component id="oc-48d">
         <name>.text:__mspabi_fixdi</name>
         <load_address>0x1660e</load_address>
         <run_address>0x1660e</run_address>
         <size>0x28</size>
         <input_file_ref idref="fl-91"/>
      </object_component>
      <object_component id="oc-38e">
         <name>.text:MPU6050_WriteReg</name>
         <load_address>0x16636</load_address>
         <run_address>0x16636</run_address>
         <size>0x26</size>
         <input_file_ref idref="fl-6"/>
      </object_component>
      <object_component id="oc-44b">
         <name>.text:readBytes</name>
         <load_address>0x1665c</load_address>
         <run_address>0x1665c</run_address>
         <size>0x26</size>
         <input_file_ref idref="fl-2"/>
      </object_component>
      <object_component id="oc-329">
         <name>.text:startTemperature</name>
         <load_address>0x16682</load_address>
         <run_address>0x16682</run_address>
         <size>0x26</size>
         <input_file_ref idref="fl-2"/>
      </object_component>
      <object_component id="oc-18e">
         <name>.text:clearI2CPort</name>
         <load_address>0x166a8</load_address>
         <run_address>0x166a8</run_address>
         <size>0x24</size>
         <input_file_ref idref="fl-4"/>
      </object_component>
      <object_component id="oc-8d">
         <name>.text:decompress:ZI:__TI_zero_init</name>
         <load_address>0x166cc</load_address>
         <run_address>0x166cc</run_address>
         <size>0x24</size>
         <input_file_ref idref="fl-46"/>
      </object_component>
      <object_component id="oc-27f">
         <name>.text:initTEMP006</name>
         <load_address>0x166f0</load_address>
         <run_address>0x166f0</run_address>
         <size>0x24</size>
         <input_file_ref idref="fl-8"/>
      </object_component>
      <object_component id="oc-395">
         <name>.text:readInt</name>
         <load_address>0x16714</load_address>
         <run_address>0x16714</run_address>
         <size>0x24</size>
         <input_file_ref idref="fl-2"/>
      </object_component>
      <object_component id="oc-31a">
         <name>.text:readSHT21HUM</name>
         <load_address>0x16738</load_address>
         <run_address>0x16738</run_address>
         <size>0x24</size>
         <input_file_ref idref="fl-7"/>
      </object_component>
      <object_component id="oc-360">
         <name>.text:readSHT21TEMP</name>
         <load_address>0x1675c</load_address>
         <run_address>0x1675c</run_address>
         <size>0x24</size>
         <input_file_ref idref="fl-7"/>
      </object_component>
      <object_component id="oc-39e">
         <name>.text:readUInt</name>
         <load_address>0x16780</load_address>
         <run_address>0x16780</run_address>
         <size>0x24</size>
         <input_file_ref idref="fl-2"/>
      </object_component>
      <object_component id="oc-35a">
         <name>.text</name>
         <load_address>0x167a4</load_address>
         <run_address>0x167a4</run_address>
         <size>0x24</size>
         <input_file_ref idref="fl-59"/>
      </object_component>
      <object_component id="oc-3eb">
         <name>.text</name>
         <load_address>0x167c8</load_address>
         <run_address>0x167c8</run_address>
         <size>0x22</size>
         <input_file_ref idref="fl-78"/>
      </object_component>
      <object_component id="oc-40c">
         <name>.text:_outs</name>
         <load_address>0x167ea</load_address>
         <run_address>0x167ea</run_address>
         <size>0x20</size>
         <input_file_ref idref="fl-7e"/>
      </object_component>
      <object_component id="oc-1a2">
         <name>.text:initSensors</name>
         <load_address>0x1680a</load_address>
         <run_address>0x1680a</run_address>
         <size>0x20</size>
         <input_file_ref idref="fl-a"/>
      </object_component>
      <object_component id="oc-1a9">
         <name>.text:printstring</name>
         <load_address>0x1682a</load_address>
         <run_address>0x1682a</run_address>
         <size>0x20</size>
         <input_file_ref idref="fl-9"/>
      </object_component>
      <object_component id="oc-697">
         <name>.text:val_hex</name>
         <load_address>0x1684a</load_address>
         <run_address>0x1684a</run_address>
         <size>0x20</size>
         <input_file_ref idref="fl-87"/>
      </object_component>
      <object_component id="oc-32f">
         <name>.text:bmp180_delay</name>
         <load_address>0x1686a</load_address>
         <run_address>0x1686a</run_address>
         <size>0x1e</size>
         <input_file_ref idref="fl-2"/>
      </object_component>
      <object_component id="oc-20c">
         <name>.text:getBMP180Temp</name>
         <load_address>0x16888</load_address>
         <run_address>0x16888</run_address>
         <size>0x1e</size>
         <input_file_ref idref="fl-2"/>
      </object_component>
      <object_component id="oc-56f">
         <name>.text:memccpy</name>
         <load_address>0x168a6</load_address>
         <run_address>0x168a6</run_address>
         <size>0x1e</size>
         <input_file_ref idref="fl-9a"/>
      </object_component>
      <object_component id="oc-354">
         <name>.text:readTMP006AMB</name>
         <load_address>0x168c4</load_address>
         <run_address>0x168c4</run_address>
         <size>0x1e</size>
         <input_file_ref idref="fl-8"/>
      </object_component>
      <object_component id="oc-443">
         <name>.text:writeBytes</name>
         <load_address>0x168e2</load_address>
         <run_address>0x168e2</run_address>
         <size>0x1e</size>
         <input_file_ref idref="fl-2"/>
      </object_component>
      <object_component id="oc-6c3">
         <name>.text:strchr</name>
         <load_address>0x16900</load_address>
         <run_address>0x16900</run_address>
         <size>0x1c</size>
         <input_file_ref idref="fl-9e"/>
      </object_component>
      <object_component id="oc-29a">
         <name>.text:delayMs</name>
         <load_address>0x1691c</load_address>
         <run_address>0x1691c</run_address>
         <size>0x1a</size>
         <input_file_ref idref="fl-a"/>
      </object_component>
      <object_component id="oc-221">
         <name>.text:getTMP006AMB</name>
         <load_address>0x16936</load_address>
         <run_address>0x16936</run_address>
         <size>0x16</size>
         <input_file_ref idref="fl-8"/>
      </object_component>
      <object_component id="oc-55b">
         <name>.text:memset</name>
         <load_address>0x1694c</load_address>
         <run_address>0x1694c</run_address>
         <size>0x16</size>
         <input_file_ref idref="fl-9b"/>
      </object_component>
      <object_component id="oc-24d">
         <name>.text</name>
         <load_address>0x16962</load_address>
         <run_address>0x16962</run_address>
         <size>0x16</size>
         <input_file_ref idref="fl-4a"/>
      </object_component>
      <object_component id="oc-3f4">
         <name>.text</name>
         <load_address>0x16978</load_address>
         <run_address>0x16978</run_address>
         <size>0x16</size>
         <input_file_ref idref="fl-75"/>
      </object_component>
      <object_component id="oc-412">
         <name>.text:_outc</name>
         <load_address>0x1698e</load_address>
         <run_address>0x1698e</run_address>
         <size>0x14</size>
         <input_file_ref idref="fl-7e"/>
      </object_component>
      <object_component id="oc-d3">
         <name>.text:memcpy</name>
         <load_address>0x169a2</load_address>
         <run_address>0x169a2</run_address>
         <size>0x14</size>
         <input_file_ref idref="fl-70"/>
      </object_component>
      <object_component id="oc-6b">
         <name>.text:decompress:none:__TI_decompress_none</name>
         <load_address>0x169b6</load_address>
         <run_address>0x169b6</run_address>
         <size>0x12</size>
         <input_file_ref idref="fl-44"/>
      </object_component>
      <object_component id="oc-5d3">
         <name>.text:toupper</name>
         <load_address>0x169c8</load_address>
         <run_address>0x169c8</run_address>
         <size>0x12</size>
         <input_file_ref idref="fl-a0"/>
      </object_component>
      <object_component id="oc-503">
         <name>.text:l_asr</name>
         <load_address>0x169da</load_address>
         <run_address>0x169da</run_address>
         <size>0x10</size>
         <input_file_ref idref="fl-89"/>
      </object_component>
      <object_component id="oc-4f9">
         <name>.text:l_lsl</name>
         <load_address>0x169ea</load_address>
         <run_address>0x169ea</run_address>
         <size>0x10</size>
         <input_file_ref idref="fl-6e"/>
      </object_component>
      <object_component id="oc-4fe">
         <name>.text:l_lsr</name>
         <load_address>0x169fa</load_address>
         <run_address>0x169fa</run_address>
         <size>0x10</size>
         <input_file_ref idref="fl-6f"/>
      </object_component>
      <object_component id="oc-493">
         <name>.text:log</name>
         <load_address>0x16a0a</load_address>
         <run_address>0x16a0a</run_address>
         <size>0xe</size>
         <input_file_ref idref="fl-96"/>
      </object_component>
      <object_component id="oc-4be">
         <name>.text:strlen</name>
         <load_address>0x16a18</load_address>
         <run_address>0x16a18</run_address>
         <size>0xe</size>
         <input_file_ref idref="fl-9f"/>
      </object_component>
      <object_component id="oc-3b2">
         <name>.text:__mspabi_fltid</name>
         <load_address>0x16a26</load_address>
         <run_address>0x16a26</run_address>
         <size>0xc</size>
         <input_file_ref idref="fl-4e"/>
      </object_component>
      <object_component id="oc-1f7">
         <name>.text:printchar</name>
         <load_address>0x16a32</load_address>
         <run_address>0x16a32</run_address>
         <size>0xc</size>
         <input_file_ref idref="fl-9"/>
      </object_component>
      <object_component id="oc-6b7">
         <name>.text:abs</name>
         <load_address>0x16a3e</load_address>
         <run_address>0x16a3e</run_address>
         <size>0xa</size>
         <input_file_ref idref="fl-a5"/>
      </object_component>
      <object_component id="oc-5a1">
         <name>.text</name>
         <load_address>0x16a48</load_address>
         <run_address>0x16a48</run_address>
         <size>0xa</size>
         <input_file_ref idref="fl-a7"/>
      </object_component>
      <object_component id="oc-5b4">
         <name>.text</name>
         <load_address>0x16a52</load_address>
         <run_address>0x16a52</run_address>
         <size>0xa</size>
         <input_file_ref idref="fl-a8"/>
      </object_component>
      <object_component id="oc-5af">
         <name>.text</name>
         <load_address>0x16a5c</load_address>
         <run_address>0x16a5c</run_address>
         <size>0xa</size>
         <input_file_ref idref="fl-a9"/>
      </object_component>
      <object_component id="oc-378">
         <name>.text:setI2CAddress</name>
         <load_address>0x16a66</load_address>
         <run_address>0x16a66</run_address>
         <size>0x8</size>
         <input_file_ref idref="fl-4"/>
      </object_component>
      <object_component id="oc-313">
         <name>.text:__mspabi_fltud</name>
         <load_address>0x16a6e</load_address>
         <run_address>0x16a6e</run_address>
         <size>0x6</size>
         <input_file_ref idref="fl-50"/>
      </object_component>
      <object_component id="oc-71">
         <name>.text:decompress:rle24:__TI_decompress_rle24</name>
         <load_address>0x16a74</load_address>
         <run_address>0x16a74</run_address>
         <size>0x6</size>
         <input_file_ref idref="fl-45"/>
      </object_component>
      <object_component id="oc-10b">
         <name>.text:_system_pre_init</name>
         <load_address>0x16a7a</load_address>
         <run_address>0x16a7a</run_address>
         <size>0x4</size>
         <input_file_ref idref="fl-7c"/>
      </object_component>
      <object_component id="oc-133">
         <name>.text:abort</name>
         <load_address>0x16a7e</load_address>
         <run_address>0x16a7e</run_address>
         <size>0x4</size>
         <input_file_ref idref="fl-4c"/>
      </object_component>
      <object_component id="oc-265">
         <name>.text:_nop</name>
         <load_address>0x16a82</load_address>
         <run_address>0x16a82</run_address>
         <size>0x2</size>
         <input_file_ref idref="fl-86"/>
      </object_component>
      <object_component id="oc-285">
         <name>.text:initSHT21</name>
         <load_address>0x16a84</load_address>
         <run_address>0x16a84</run_address>
         <size>0x2</size>
         <input_file_ref idref="fl-7"/>
      </object_component>
      <object_component id="oc-fe">
         <name>.text:_isr:USCI_B0_ISR</name>
         <load_address>0x4400</load_address>
         <run_address>0x4400</run_address>
         <size>0x72</size>
         <input_file_ref idref="fl-4"/>
      </object_component>
      <object_component id="oc-f2">
         <name>.text:_isr:Port_2</name>
         <load_address>0x4472</load_address>
         <run_address>0x4472</run_address>
         <size>0x3e</size>
         <input_file_ref idref="fl-a"/>
      </object_component>
      <object_component id="oc-f8">
         <name>.text:_isr:Port_1</name>
         <load_address>0x44b0</load_address>
         <run_address>0x44b0</run_address>
         <size>0x34</size>
         <input_file_ref idref="fl-a"/>
      </object_component>
      <object_component id="oc-ab">
         <name>.text:_isr:_c_int00_noargs_noexit</name>
         <load_address>0x44e4</load_address>
         <run_address>0x44e4</run_address>
         <size>0x1a</size>
         <input_file_ref idref="fl-42"/>
      </object_component>
      <object_component id="oc-ed">
         <name>.text:_isr:__TI_ISR_TRAP</name>
         <load_address>0x44fe</load_address>
         <run_address>0x44fe</run_address>
         <size>0x6</size>
         <input_file_ref idref="fl-6d"/>
      </object_component>
      <object_component id="oc-740">
         <name>.cinit..data.load</name>
         <load_address>0x47a4</load_address>
         <run_address>0x47a4</run_address>
         <size>0x93</size>
      </object_component>
      <object_component id="oc-73d">
[...]
         <object_component_ref idref="oc-8c"/>
      </symbol>
      <symbol id="sm-8b0">
         <name>__TI_ISR_TRAP</name>
         <value>0x44fe</value>
         <object_component_ref idref="oc-ed"/>
      </symbol>
      <symbol id="sm-8c0">
         <name>__mspabi_slll_9</name>
         <value>0x16202</value>
         <object_component_ref idref="oc-2f0"/>
      </symbol>
      <symbol id="sm-8c1">
         <name>__mspabi_slll_8</name>
         <value>0x16206</value>
         <object_component_ref idref="oc-2f0"/>
      </symbol>
      <symbol id="sm-8c2">
         <name>__mspabi_slll_7</name>
         <value>0x1620a</value>
         <object_component_ref idref="oc-2f0"/>
      </symbol>
      <symbol id="sm-8c3">
         <name>__mspabi_slll_6</name>
         <value>0x1620e</value>
         <object_component_ref idref="oc-2f0"/>
      </symbol>
      <symbol id="sm-8c4">
         <name>__mspabi_slll_5</name>
         <value>0x16212</value>
         <object_component_ref idref="oc-2f0"/>
      </symbol>
      <symbol id="sm-8c5">
         <name>__mspabi_slll_4</name>
         <value>0x16216</value>
         <object_component_ref idref="oc-2f0"/>
      </symbol>
      <symbol id="sm-8c6">
         <name>__mspabi_slll_3</name>
         <value>0x1621a</value>
         <object_component_ref idref="oc-2f0"/>
      </symbol>
      <symbol id="sm-8c7">
         <name>__mspabi_slll_2</name>
         <value>0x1621e</value>
         <object_component_ref idref="oc-2f0"/>
      </symbol>
      <symbol id="sm-8c8">
         <name>__mspabi_slll_1</name>
         <value>0x16222</value>
         <object_component_ref idref="oc-2f0"/>
      </symbol>
      <symbol id="sm-8c9">
         <name>__mspabi_slll</name>
         <value>0x169ea</value>
         <object_component_ref idref="oc-4f9"/>
      </symbol>
      <symbol id="sm-8ca">
         <name>__mspabi_slll_15</name>
         <value>0x161ea</value>
         <object_component_ref idref="oc-2f0"/>
      </symbol>
      <symbol id="sm-8cb">
         <name>__mspabi_slll_14</name>
         <value>0x161ee</value>
         <object_component_ref idref="oc-2f0"/>
      </symbol>
      <symbol id="sm-8cc">
         <name>__mspabi_slll_13</name>
         <value>0x161f2</value>
         <object_component_ref idref="oc-2f0"/>
      </symbol>
      <symbol id="sm-8cd">
         <name>__mspabi_slll_12</name>
         <value>0x161f6</value>
         <object_component_ref idref="oc-2f0"/>
      </symbol>
      <symbol id="sm-8ce">
         <name>__mspabi_slll_11</name>
         <value>0x161fa</value>
         <object_component_ref idref="oc-2f0"/>
      </symbol>
      <symbol id="sm-8cf">
         <name>__mspabi_slll_10</name>
         <value>0x161fe</value>
         <object_component_ref idref="oc-2f0"/>
      </symbol>
      <symbol id="sm-8df">
         <name>__mspabi_srll_8</name>
         <value>0x16244</value>
         <object_component_ref idref="oc-3e6"/>
      </symbol>
      <symbol id="sm-8e0">
         <name>__mspabi_srll_9</name>
         <value>0x16240</value>
         <object_component_ref idref="oc-3e6"/>
      </symbol>
      <symbol id="sm-8e1">
         <name>__mspabi_srll_6</name>
         <value>0x1624c</value>
         <object_component_ref idref="oc-3e6"/>
      </symbol>
      <symbol id="sm-8e2">
         <name>__mspabi_srll_7</name>
         <value>0x16248</value>
         <object_component_ref idref="oc-3e6"/>
      </symbol>
      <symbol id="sm-8e3">
         <name>__mspabi_srll_4</name>
         <value>0x16254</value>
         <object_component_ref idref="oc-3e6"/>
      </symbol>
      <symbol id="sm-8e4">
         <name>__mspabi_srll_5</name>
         <value>0x16250</value>
         <object_component_ref idref="oc-3e6"/>
      </symbol>
      <symbol id="sm-8e5">
         <name>__mspabi_srll_2</name>
         <value>0x1625c</value>
         <object_component_ref idref="oc-3e6"/>
      </symbol>
      <symbol id="sm-8e6">
         <name>__mspabi_srll_3</name>
         <value>0x16258</value>
         <object_component_ref idref="oc-3e6"/>
      </symbol>
      <symbol id="sm-8e7">
         <name>__mspabi_srll_1</name>
         <value>0x16260</value>
         <object_component_ref idref="oc-3e6"/>
      </symbol>
      <symbol id="sm-8e8">
         <name>__mspabi_srll_15</name>
         <value>0x16228</value>
         <object_component_ref idref="oc-3e6"/>
      </symbol>
      <symbol id="sm-8e9">
         <name>__mspabi_srll_14</name>
         <value>0x1622c</value>
         <object_component_ref idref="oc-3e6"/>
      </symbol>
      <symbol id="sm-8ea">
         <name>__mspabi_srll_13</name>
         <value>0x16230</value>
         <object_component_ref idref="oc-3e6"/>
      </symbol>
      <symbol id="sm-8eb">
         <name>__mspabi_srll_12</name>
         <value>0x16234</value>
         <object_component_ref idref="oc-3e6"/>
      </symbol>
      <symbol id="sm-8ec">
         <name>__mspabi_srll_11</name>
         <value>0x16238</value>
         <object_component_ref idref="oc-3e6"/>
      </symbol>
      <symbol id="sm-8ed">
         <name>__mspabi_srll_10</name>
         <value>0x1623c</value>
         <object_component_ref idref="oc-3e6"/>
      </symbol>
      <symbol id="sm-8ee">
         <name>__mspabi_srll</name>
         <value>0x169fa</value>
         <object_component_ref idref="oc-4fe"/>
      </symbol>
      <symbol id="sm-901">
         <name>memcpy</name>
         <value>0x169a2</value>
         <object_component_ref idref="oc-d3"/>
      </symbol>
      <symbol id="sm-922">
         <name>__mspabi_mpyd</name>
         <value>0x12632</value>
         <object_component_ref idref="oc-1d9"/>
      </symbol>
      <symbol id="sm-938">
         <name>__mspabi_mpyi_f5hw</name>
         <value>0x16978</value>
         <object_component_ref idref="oc-3f4"/>
      </symbol>
      <symbol id="sm-95a">
         <name>__mspabi_mpyl_f5hw</name>
         <value>0x167c8</value>
         <object_component_ref idref="oc-3eb"/>
      </symbol>
      <symbol id="sm-970">
         <name>__mspabi_negd</name>
         <value>0x1655e</value>
         <object_component_ref idref="oc-1d3"/>
      </symbol>
      <symbol id="sm-9bc">
         <name>pow</name>
         <value>0x10000</value>
         <object_component_ref idref="oc-3ac"/>
      </symbol>
      <symbol id="sm-9c5">
         <name>_system_pre_init</name>
         <value>0x16a7a</value>
         <object_component_ref idref="oc-10b"/>
      </symbol>
      <symbol id="sm-9d9">
         <name>__TI_renormd</name>
         <value>0x14f3c</value>
         <object_component_ref idref="oc-508"/>
      </symbol>
      <symbol id="sm-9fa">
         <name>sprintf</name>
         <value>0x15ee4</value>
         <object_component_ref idref="oc-305"/>
      </symbol>
      <symbol id="sm-a03">
         <name>__mspabi_subd</name>
         <value>0x164c8</value>
         <object_component_ref idref="oc-3c3"/>
      </symbol>
      <symbol id="sm-a2c">
         <name>_Atan</name>
         <value>0x1238e</value>
         <object_component_ref idref="oc-2d2"/>
      </symbol>
      <symbol id="sm-a46">
         <name>_Dint</name>
         <value>0x14dba</value>
         <object_component_ref idref="oc-475"/>
      </symbol>
      <symbol id="sm-a58">
         <name>_Dunscale</name>
         <value>0x158ac</value>
         <object_component_ref idref="oc-46f"/>
      </symbol>
      <symbol id="sm-a81">
         <name>_Exp</name>
         <value>0x1173c</value>
         <object_component_ref idref="oc-499"/>
      </symbol>
      <symbol id="sm-a8d">
         <name>_Feraise</name>
         <value>0x163be</value>
         <object_component_ref idref="oc-47b"/>
      </symbol>
      <symbol id="sm-a94">
         <name>_Rteps</name>
         <value>0x2510</value>
         <object_component_ref idref="oc-3d7"/>
      </symbol>
      <symbol id="sm-a95">
         <name>_Zero</name>
         <value>0x2528</value>
         <object_component_ref idref="oc-3d7"/>
      </symbol>
      <symbol id="sm-a96">
         <name>_Hugeval</name>
         <value>0x24d0</value>
         <object_component_ref idref="oc-3d7"/>
      </symbol>
      <symbol id="sm-a97">
         <name>_Snan</name>
         <value>0x2500</value>
         <object_component_ref idref="oc-3d7"/>
      </symbol>
      <symbol id="sm-a98">
         <name>_Nan</name>
         <value>0x24f0</value>
         <object_component_ref idref="oc-3d7"/>
      </symbol>
      <symbol id="sm-a99">
         <name>_Inf</name>
         <value>0x24e0</value>
         <object_component_ref idref="oc-3d7"/>
      </symbol>
      <symbol id="sm-a9a">
         <name>_Xbig</name>
         <value>0x2520</value>
         <object_component_ref idref="oc-3d7"/>
      </symbol>
      <symbol id="sm-a9b">
         <name>_Eps</name>
         <value>0x24c0</value>
         <object_component_ref idref="oc-3d7"/>
      </symbol>
      <symbol id="sm-a9c">
         <name>_Denorm</name>
         <value>0x24b0</value>
         <object_component_ref idref="oc-3d7"/>
      </symbol>
      <symbol id="sm-ab2">
         <name>_nop</name>
         <value>0x16a82</value>
         <object_component_ref idref="oc-265"/>
      </symbol>
      <symbol id="sm-ab3">
         <name>_lock</name>
         <value>0x2636</value>
         <object_component_ref idref="oc-179"/>
      </symbol>
      <symbol id="sm-ab4">
         <name>_unlock</name>
         <value>0x263a</value>
         <object_component_ref idref="oc-182"/>
      </symbol>
      <symbol id="sm-c7d">
         <name>__TI_printfi</name>
         <value>0x13a3a</value>
         <object_component_ref idref="oc-418"/>
      </symbol>
      <symbol id="sm-c8f">
         <name>__mspabi_sral</name>
         <value>0x169da</value>
         <object_component_ref idref="oc-503"/>
      </symbol>
      <symbol id="sm-c90">
         <name>__mspabi_sral_15</name>
         <value>0x161ac</value>
         <object_component_ref idref="oc-2c1"/>
      </symbol>
      <symbol id="sm-c91">
         <name>__mspabi_sral_14</name>
         <value>0x161b0</value>
         <object_component_ref idref="oc-2c1"/>
      </symbol>
      <symbol id="sm-c92">
         <name>__mspabi_sral_13</name>
         <value>0x161b4</value>
         <object_component_ref idref="oc-2c1"/>
      </symbol>
      <symbol id="sm-c93">
         <name>__mspabi_sral_12</name>
         <value>0x161b8</value>
         <object_component_ref idref="oc-2c1"/>
      </symbol>
      <symbol id="sm-c94">
         <name>__mspabi_sral_11</name>
         <value>0x161bc</value>
         <object_component_ref idref="oc-2c1"/>
      </symbol>
      <symbol id="sm-c95">
         <name>__mspabi_sral_10</name>
         <value>0x161c0</value>
         <object_component_ref idref="oc-2c1"/>
      </symbol>
      <symbol id="sm-c96">
         <name>__mspabi_sral_8</name>
         <value>0x161c8</value>
         <object_component_ref idref="oc-2c1"/>
      </symbol>
      <symbol id="sm-c97">
         <name>__mspabi_sral_9</name>
         <value>0x161c4</value>
         <object_component_ref idref="oc-2c1"/>
      </symbol>
      <symbol id="sm-c98">
         <name>__mspabi_sral_6</name>
         <value>0x161d0</value>
         <object_component_ref idref="oc-2c1"/>
      </symbol>
      <symbol id="sm-c99">
         <name>__mspabi_sral_7</name>
         <value>0x161cc</value>
         <object_component_ref idref="oc-2c1"/>
      </symbol>
      <symbol id="sm-c9a">
         <name>__mspabi_sral_4</name>
         <value>0x161d8</value>
         <object_component_ref idref="oc-2c1"/>
      </symbol>
      <symbol id="sm-c9b">
         <name>__mspabi_sral_5</name>
         <value>0x161d4</value>
         <object_component_ref idref="oc-2c1"/>
      </symbol>
      <symbol id="sm-c9c">
         <name>__mspabi_sral_2</name>
         <value>0x161e0</value>
         <object_component_ref idref="oc-2c1"/>
      </symbol>
      <symbol id="sm-c9d">
         <name>__mspabi_sral_3</name>
         <value>0x161dc</value>
         <object_component_ref idref="oc-2c1"/>
      </symbol>
      <symbol id="sm-c9e">
         <name>__mspabi_sral_1</name>
         <value>0x161e4</value>
         <object_component_ref idref="oc-2c1"/>
      </symbol>
      <symbol id="sm-cb1">
         <name>atoi</name>
         <value>0x15b28</value>
         <object_component_ref idref="oc-555"/>
      </symbol>
      <symbol id="sm-ccd">
         <name>_auto_init_hold_wdt</name>
         <value>0x1591e</value>
         <object_component_ref idref="oc-111"/>
      </symbol>
      <symbol id="sm-cd7">
         <name>_ctypes_</name>
         <value>0x4504</value>
         <object_component_ref idref="oc-5bf"/>
      </symbol>
      <symbol id="sm-ce6">
         <name>__mspabi_remul</name>
         <value>0x15b8a</value>
         <object_component_ref idref="oc-676"/>
      </symbol>
      <symbol id="sm-ce7">
         <name>__mspabi_divul</name>
         <value>0x15b8a</value>
         <object_component_ref idref="oc-676"/>
      </symbol>
      <symbol id="sm-d19">
         <name>__mspabi_divull</name>
         <value>0x113a2</value>
         <object_component_ref idref="oc-67b"/>
      </symbol>
      <symbol id="sm-d20">
         <name>_Errno</name>
         <value>0x264a</value>
         <object_component_ref idref="oc-531"/>
      </symbol>
      <symbol id="sm-d38">
         <name>feraiseexcept</name>
         <value>0x16460</value>
         <object_component_ref idref="oc-52b"/>
      </symbol>
      <symbol id="sm-d39">
         <name>_Tls_setup__Fenv</name>
         <value>0x2632</value>
         <object_component_ref idref="oc-590"/>
      </symbol>
      <symbol id="sm-d3a">
         <name>_Fenv</name>
         <value>0x262e</value>
         <object_component_ref idref="oc-590"/>
      </symbol>
      <symbol id="sm-d47">
         <name>__mspabi_fixdi</name>
         <value>0x1660e</value>
         <object_component_ref idref="oc-48d"/>
      </symbol>
      <symbol id="sm-d56">
         <name>__mspabi_fixdli</name>
         <value>0x15a5e</value>
         <object_component_ref idref="oc-481"/>
      </symbol>
      <symbol id="sm-d67">
         <name>__TI_frcmpyd</name>
         <value>0x11dd2</value>
         <object_component_ref idref="oc-2db"/>
      </symbol>
      <symbol id="sm-d73">
         <name>frexp</name>
         <value>0x15f28</value>
         <object_component_ref idref="oc-651"/>
      </symbol>
      <symbol id="sm-d83">
         <name>ldexp</name>
         <value>0x155b8</value>
         <object_component_ref idref="oc-691"/>
      </symbol>
      <symbol id="sm-d8c">
         <name>log</name>
         <value>0x16a0a</value>
         <object_component_ref idref="oc-493"/>
      </symbol>
      <symbol id="sm-d99">
         <name>__mspabi_sllll</name>
         <value>0x16266</value>
         <object_component_ref idref="oc-6aa"/>
      </symbol>
      <symbol id="sm-da6">
         <name>__mspabi_srlll</name>
         <value>0x162a0</value>
         <object_component_ref idref="oc-670"/>
      </symbol>
      <symbol id="sm-db5">
         <name>ltoa</name>
         <value>0x1573e</value>
         <object_component_ref idref="oc-684"/>
      </symbol>
      <symbol id="sm-dc4">
         <name>memccpy</name>
         <value>0x168a6</value>
         <object_component_ref idref="oc-56f"/>
      </symbol>
      <symbol id="sm-dd2">
         <name>memset</name>
         <value>0x1694c</value>
         <object_component_ref idref="oc-55b"/>
      </symbol>
      <symbol id="sm-de6">
         <name>raise</name>
         <value>0x164fa</value>
         <object_component_ref idref="oc-593"/>
      </symbol>
      <symbol id="sm-dfb">
         <name>signal</name>
         <value>0x16386</value>
         <object_component_ref idref="oc-60b"/>
      </symbol>
      <symbol id="sm-e0a">
         <name>strchr</name>
         <value>0x16900</value>
         <object_component_ref idref="oc-6c3"/>
      </symbol>
      <symbol id="sm-e17">
         <name>strlen</name>
         <value>0x16a18</value>
         <object_component_ref idref="oc-4be"/>
      </symbol>
      <symbol id="sm-e24">
         <name>toupper</name>
         <value>0x169c8</value>
         <object_component_ref idref="oc-5d3"/>
      </symbol>
      <symbol id="sm-e32">
         <name>_Dclass</name>
         <value>0x15cd8</value>
         <object_component_ref idref="oc-5d9"/>
      </symbol>
      <symbol id="sm-e45">
         <name>_Dnorm</name>
         <value>0x148f4</value>
         <object_component_ref idref="oc-51f"/>
      </symbol>
      <symbol id="sm-e64">
         <name>_Dscale</name>
         <value>0x13fe2</value>
         <object_component_ref idref="oc-546"/>
      </symbol>
      <symbol id="sm-e8e">
         <name>_Log</name>
         <value>0x10f82</value>
         <object_component_ref idref="oc-539"/>
      </symbol>
      <symbol id="sm-e98">
         <name>abs</name>
         <value>0x16a3e</value>
         <object_component_ref idref="oc-6b7"/>
      </symbol>
      <symbol id="sm-ea5">
         <name>__mspabi_remli</name>
         <value>0x160f0</value>
         <object_component_ref idref="oc-6b2"/>
      </symbol>
      <symbol id="sm-ea6">
         <name>__mspabi_divli</name>
         <value>0x160f0</value>
         <object_component_ref idref="oc-6b2"/>
      </symbol>
      <symbol id="sm-eb0">
         <name>__mspabi_negf</name>
         <value>0x16a48</value>
         <object_component_ref idref="oc-5a1"/>
      </symbol>
      <symbol id="sm-eb9">
         <name>__mspabi_slli</name>
         <value>0x16a52</value>
         <object_component_ref idref="oc-5b4"/>
      </symbol>
      <symbol id="sm-ec2">
         <name>__mspabi_srli</name>
         <value>0x16a5c</value>
         <object_component_ref idref="oc-5af"/>
      </symbol>
      <symbol id="sm-ec9">
         <name>_FZero</name>
         <value>0x2594</value>
         <object_component_ref idref="oc-59e"/>
      </symbol>
      <symbol id="sm-eca">
         <name>_FRteps</name>
         <value>0x2580</value>
         <object_component_ref idref="oc-59e"/>
      </symbol>
      <symbol id="sm-ecb">
         <name>_FSnan</name>
         <value>0x2570</value>
         <object_component_ref idref="oc-59e"/>
      </symbol>
      <symbol id="sm-ecc">
         <name>_FNan</name>
         <value>0x2560</value>
         <object_component_ref idref="oc-59e"/>
      </symbol>
      <symbol id="sm-ecd">
         <name>_FInf</name>
         <value>0x2550</value>
         <object_component_ref idref="oc-59e"/>
      </symbol>
      <symbol id="sm-ece">
         <name>_FEps</name>
         <value>0x2540</value>
         <object_component_ref idref="oc-59e"/>
      </symbol>
      <symbol id="sm-ecf">
         <name>_FXbig</name>
         <value>0x2590</value>
         <object_component_ref idref="oc-59e"/>
      </symbol>
      <symbol id="sm-ed0">
         <name>_FDenorm</name>
         <value>0x2530</value>
         <object_component_ref idref="oc-59e"/>
      </symbol>
      <symbol id="sm-ed2">
         <name>__TI_INITARRAY_Base</name>
         <value>0x0</value>
      </symbol>
      <symbol id="sm-ed3">
         <name>__TI_INITARRAY_Limit</name>
         <value>0x0</value>
      </symbol>
   </symbol_table>
   <title>Link successful</title>
</link_info>
