******************************************************************************
                  MSP430 Linker PC v4.4.5                      
******************************************************************************
>> Linked Sat Jan 02 21:28:35 2016

OUTPUT FILE NAME:   <MSP430F5529_Sensor_Hub.out>
ENTRY POINT SYMBOL: "_c_int00_noargs_noexit"  address: 000044e4


MEMORY CONFIGURATION

         name            origin    length      used     unused   attr    fill
----------------------  --------  ---------  --------  --------  ----  --------
  SFR                   00000000   00000010  00000000  00000010  RWIX
  PERIPHERALS_8BIT      00000010   000000f0  00000000  000000f0  RWIX
  PERIPHERALS_16BIT     00000100   00000100  00000000  00000100  RWIX
  INFOD                 00001800   00000080  00000000  00000080  RWIX
  INFOC                 00001880   00000080  00000000  00000080  RWIX
  INFOB                 00001900   00000080  00000000  00000080  RWIX
  INFOA                 00001980   00000080  00000000  00000080  RWIX
  USBRAM                00001c00   00000800  00000000  00000800  RWIX
  RAM                   00002400   00002000  0000037f  00001c81  RWIX
  FLASH                 00004400   0000bb80  0000045a  0000b726  RWIX
  INT00                 0000ff80   00000002  00000000  00000002  RWIX
  INT01                 0000ff82   00000002  00000000  00000002  RWIX
  INT02                 0000ff84   00000002  00000000  00000002  RWIX
  INT03                 0000ff86   00000002  00000000  00000002  RWIX
  INT04                 0000ff88   00000002  00000000  00000002  RWIX
  INT05                 0000ff8a   00000002  00000000  00000002  RWIX
  INT06                 0000ff8c   00000002  00000000  00000002  RWIX
  INT07                 0000ff8e   00000002  00000000  00000002  RWIX
  INT08                 0000ff90   00000002  00000000  00000002  RWIX
  INT09                 0000ff92   00000002  00000000  00000002  RWIX
  INT10                 0000ff94   00000002  00000000  00000002  RWIX
  INT11                 0000ff96   00000002  00000000  00000002  RWIX
  INT12                 0000ff98   00000002  00000000  00000002  RWIX
  INT13                 0000ff9a   00000002  00000000  00000002  RWIX
  INT14                 0000ff9c   00000002  00000000  00000002  RWIX
  INT15                 0000ff9e   00000002  00000000  00000002  RWIX
  INT16                 0000ffa0   00000002  00000000  00000002  RWIX
  INT17                 0000ffa2   00000002  00000000  00000002  RWIX
  INT18                 0000ffa4   00000002  00000000  00000002  RWIX
  INT19                 0000ffa6   00000002  00000000  00000002  RWIX
  INT20                 0000ffa8   00000002  00000000  00000002  RWIX
  INT21                 0000ffaa   00000002  00000000  00000002  RWIX
  INT22                 0000ffac   00000002  00000000  00000002  RWIX
  INT23                 0000ffae   00000002  00000000  00000002  RWIX
  INT24                 0000ffb0   00000002  00000000  00000002  RWIX
  INT25                 0000ffb2   00000002  00000000  00000002  RWIX
  INT26                 0000ffb4   00000002  00000000  00000002  RWIX
  INT27                 0000ffb6   00000002  00000000  00000002  RWIX
  INT28                 0000ffb8   00000002  00000000  00000002  RWIX
  INT29                 0000ffba   00000002  00000000  00000002  RWIX
  INT30                 0000ffbc   00000002  00000000  00000002  RWIX
  INT31                 0000ffbe   00000002  00000000  00000002  RWIX
  INT32                 0000ffc0   00000002  00000000  00000002  RWIX
  INT33                 0000ffc2   00000002  00000000  00000002  RWIX
  INT34                 0000ffc4   00000002  00000000  00000002  RWIX
  INT35                 0000ffc6   00000002  00000000  00000002  RWIX
  INT36                 0000ffc8   00000002  00000000  00000002  RWIX
  INT37                 0000ffca   00000002  00000000  00000002  RWIX
  INT38                 0000ffcc   00000002  00000000  00000002  RWIX
  INT39                 0000ffce   00000002  00000000  00000002  RWIX
  INT40                 0000ffd0   00000002  00000000  00000002  RWIX
  INT41                 0000ffd2   00000002  00000002  00000000  RWIX
  INT42                 0000ffd4   00000002  00000002  00000000  RWIX
  INT43                 0000ffd6   00000002  00000002  00000000  RWIX
  INT44                 0000ffd8   00000002  00000002  00000000  RWIX
  INT45                 0000ffda   00000002  00000002  00000000  RWIX
  INT46                 0000ffdc   00000002  00000002  00000000  RWIX
  INT47                 0000ffde   00000002  00000002  00000000  RWIX
  INT48                 0000ffe0   00000002  00000002  00000000  RWIX
  INT49                 0000ffe2   00000002  00000002  00000000  RWIX
  INT50                 0000ffe4   00000002  00000002  00000000  RWIX
  INT51                 0000ffe6   00000002  00000002  00000000  RWIX
  INT52                 0000ffe8   00000002  00000002  00000000  RWIX
  INT53                 0000ffea   00000002  00000002  00000000  RWIX
  INT54                 0000ffec   00000002  00000002  00000000  RWIX
  INT55                 0000ffee   00000002  00000002  00000000  RWIX
  INT56                 0000fff0   00000002  00000002  00000000  RWIX
  INT57                 0000fff2   00000002  00000002  00000000  RWIX
  INT58                 0000fff4   00000002  00000002  00000000  RWIX
  INT59                 0000fff6   00000002  00000002  00000000  RWIX
  INT60                 0000fff8   00000002  00000002  00000000  RWIX
  INT61                 0000fffa   00000002  00000002  00000000  RWIX
  INT62                 0000fffc   00000002  00000002  00000000  RWIX
  RESET                 0000fffe   00000002  00000002  00000000  RWIX
  FLASH2                00010000   00014400  00006a86  0000d97a  RWIX


SECTION ALLOCATION MAP

 output                                  attributes/
section   page    origin      length       input sections
--------  ----  ----------  ----------   ----------------
.data      0    00002400    0000024d     UNINITIALIZED
                  00002400    000000b0     rts430x_lc_rd_eabi.lib : signal.obj (.data:sigtable)
                  000024b0    00000080                            : xvalues.obj (.data)
                  00002530    00000068                            : xfvalues.obj (.data)
                  00002598    0000001a     main.obj (.data)
                  000025b2    00000014     UART.obj (.data:_buff)
                  000025c6    00000014     Filter.obj (.data:coef)
                  000025da    00000014     Filter.obj (.data:temp$2)
                  000025ee    00000014     Filter.obj (.data:values)
                  00002602    0000000c     main.obj (.data:acc)
                  0000260e    0000000c     main.obj (.data:gyro)
                  0000261a    0000000c     Filter.obj (.data:temp$1)
                  00002626    00000008     Filter.obj (.data)
                  0000262e    00000008     rts430x_lc_rd_eabi.lib : feraiseexcept.obj (.data)
                  00002636    00000004                            : _lock.obj (.data:_lock)
                  0000263a    00000004                            : _lock.obj (.data:_unlock)
                  0000263e    00000003     MPU9150.obj (.data:TxData)
                  00002641    00000001     --HOLE--
                  00002642    00000003     TEMP006.obj (.data:TxData)
                  00002645    00000002     I2C.obj (.data)
                  00002647    00000001     --HOLE--
                  00002648    00000002     ISL29023.obj (.data:TxData)
                  0000264a    00000002     rts430x_lc_rd_eabi.lib : errno.obj (.data)
                  0000264c    00000001     SHT21.obj (.data:TxData)

.bss       0    0000264e    00000092     UNINITIALIZED
                  0000264e    0000000a     (.common:RxBuffer)
                  00002658    00000006     (.common:accl)
                  0000265e    00000006     (.common:gyro)
                  00002664    00000004     (.common:PRxData)
                  00002668    00000004     (.common:PTxData)
                  0000266c    00000004     (.common:_absolutePressure)
                  00002670    00000004     (.common:absolutePressure)
                  00002674    00000004     (.common:c5)
                  00002678    00000004     (.common:c6)
                  0000267c    00000004     (.common:humSHT21_f)
                  00002680    00000004     (.common:lightfiltered)
                  00002684    00000004     (.common:mc)
                  00002688    00000004     (.common:md)
                  0000268c    00000004     (.common:p0)
                  00002690    00000004     (.common:p1)
                  00002694    00000004     (.common:p2)
                  00002698    00000004     (.common:tempBMP180_f)
                  0000269c    00000004     (.common:tempMPU9150_f)
                  000026a0    00000004     (.common:tempSHT21_f)
                  000026a4    00000004     (.common:tempTMP006_f)
                  000026a8    00000004     (.common:tempfiltered)
                  000026ac    00000004     (.common:x0)
                  000026b0    00000004     (.common:x1)
                  000026b4    00000004     (.common:x2)
                  000026b8    00000004     (.common:y0)
                  000026bc    00000004     (.common:y1)
                  000026c0    00000004     (.common:y2)
                  000026c4    00000002     (.common:AC1)
                  000026c6    00000002     (.common:AC2)
                  000026c8    00000002     (.common:AC3)
                  000026ca    00000002     (.common:AC4)
                  000026cc    00000002     (.common:AC5)
                  000026ce    00000002     (.common:AC6)
                  000026d0    00000002     (.common:MB)
                  000026d2    00000002     (.common:MC)
                  000026d4    00000002     (.common:MD)
                  000026d6    00000002     (.common:VB1)
                  000026d8    00000002     (.common:VB2)
                  000026da    00000002     (.common:light)
                  000026dc    00000001     (.common:RXByteCtr)
                  000026dd    00000001     (.common:TXByteCtr)
                  000026de    00000001     (.common:k$3)
                  000026df    00000001     (.common:sending)

.stack     0    00004360    000000a0     UNINITIALIZED
                  00004360    00000004     rts430x_lc_rd_eabi.lib : boot.obj (.stack)
                  00004364    0000009c     --HOLE--

.text:_isr 
*          0    00004400    00000104     
                  00004400    00000072     I2C.obj (.text:_isr:USCI_B0_ISR)
                  00004472    0000003e     main.obj (.text:_isr:Port_2)
                  000044b0    00000034     main.obj (.text:_isr:Port_1)
                  000044e4    0000001a     rts430x_lc_rd_eabi.lib : boot_special.obj (.text:_isr:_c_int00_noargs_noexit)
                  000044fe    00000006                            : isr_trap.obj (.text:_isr:__TI_ISR_TRAP)

.const     0    00004504    000002a0     
                  00004504    00000101     rts430x_lc_rd_eabi.lib : ctype.obj (.const:.string:_ctypes_)
                  00004605    00000001     --HOLE-- [fill = 0]
                  00004606    0000006c     main.obj (.const:.string)
                  00004672    00000040     rts430x_lc_rd_eabi.lib : xatan.obj (.const:a)
                  000046b2    00000038                            : xlog.obj (.const:p)
                  000046ea    00000026                            : _printfi.obj (.const:.string)
                  00004710    00000020                            : xatan.obj (.const:c)
                  00004730    00000020                            : xdint.obj (.const:mask$1)
                  00004750    00000018                            : xatan.obj (.const:s)
                  00004768    00000018                            : xexp.obj (.const:s)
                  00004780    00000010                            : xexp.obj (.const:c)
                  00004790    0000000c     UART.obj (.const:.string)
                  0000479c    00000008     rts430x_lc_rd_eabi.lib : xdint.obj (.const:sub$2)

.cinit     0    000047a4    000000b6     
                  000047a4    00000093     (.cinit..data.load) [load image, compression = rle]
                  00004837    00000001     --HOLE-- [fill = 0]
                  00004838    0000000c     (__TI_handler_table)
                  00004844    00000006     (.cinit..bss.load) [load image, compression = zero_init]
                  0000484a    00000010     (__TI_cinit_table)

.init_array 
*          0    00004400    00000000     UNINITIALIZED

.TI.persistent 
*          0    00002400    00000000     UNINITIALIZED

RTC        0    0000ffd2    00000002     
                  0000ffd2    00000002     rts430x_lc_rd_eabi.lib : int41.obj (.int41)

PORT2      0    0000ffd4    00000002     
                  0000ffd4    00000002     main.obj (.int42)

TIMER2_A1 
*          0    0000ffd6    00000002     
                  0000ffd6    00000002     rts430x_lc_rd_eabi.lib : int43.obj (.int43)

TIMER2_A0 
*          0    0000ffd8    00000002     
                  0000ffd8    00000002     rts430x_lc_rd_eabi.lib : int44.obj (.int44)

USCI_B1    0    0000ffda    00000002     
                  0000ffda    00000002     rts430x_lc_rd_eabi.lib : int45.obj (.int45)

USCI_A1    0    0000ffdc    00000002     
                  0000ffdc    00000002     rts430x_lc_rd_eabi.lib : int46.obj (.int46)

PORT1      0    0000ffde    00000002     
                  0000ffde    00000002     main.obj (.int47)

TIMER1_A1 
*          0    0000ffe0    00000002     
                  0000ffe0    00000002     rts430x_lc_rd_eabi.lib : int48.obj (.int48)

TIMER1_A0 
*          0    0000ffe2    00000002     
                  0000ffe2    00000002     rts430x_lc_rd_eabi.lib : int49.obj (.int49)

DMA        0    0000ffe4    00000002     
                  0000ffe4    00000002     rts430x_lc_rd_eabi.lib : int50.obj (.int50)

USB_UBM    0    0000ffe6    00000002     
                  0000ffe6    00000002     rts430x_lc_rd_eabi.lib : int51.obj (.int51)

TIMER0_A1 
*          0    0000ffe8    00000002     
                  0000ffe8    00000002     rts430x_lc_rd_eabi.lib : int52.obj (.int52)

TIMER0_A0 
*          0    0000ffea    00000002     
                  0000ffea    00000002     rts430x_lc_rd_eabi.lib : int53.obj (.int53)

ADC12      0    0000ffec    00000002     
                  0000ffec    00000002     rts430x_lc_rd_eabi.lib : int54.obj (.int54)

USCI_B0    0    0000ffee    00000002     
                  0000ffee    00000002     I2C.obj (.int55)

USCI_A0    0    0000fff0    00000002     
                  0000fff0    00000002     rts430x_lc_rd_eabi.lib : int56.obj (.int56)

WDT        0    0000fff2    00000002     
                  0000fff2    00000002     rts430x_lc_rd_eabi.lib : int57.obj (.int57)

TIMER0_B1 
*          0    0000fff4    00000002     
                  0000fff4    00000002     rts430x_lc_rd_eabi.lib : int58.obj (.int58)

TIMER0_B0 
*          0    0000fff6    00000002     
                  0000fff6    00000002     rts430x_lc_rd_eabi.lib : int59.obj (.int59)

COMP_B     0    0000fff8    00000002     
                  0000fff8    00000002     rts430x_lc_rd_eabi.lib : int60.obj (.int60)

UNMI       0    0000fffa    00000002     
                  0000fffa    00000002     rts430x_lc_rd_eabi.lib : int61.obj (.int61)

SYSNMI     0    0000fffc    00000002     
                  0000fffc    00000002     rts430x_lc_rd_eabi.lib : int62.obj (.int62)

.reset     0    0000fffe    00000002     
                  0000fffe    00000002     rts430x_lc_rd_eabi.lib : boot.obj (.reset)

.text      0    00010000    00006a86     
                  00010000    0000068a     rts430x_lc_rd_eabi.lib : pow.obj (.text:pow)
                  0001068a    000004a6     BMP180.obj (.text:initBMP180)
                  00010b30    00000452     rts430x_lc_rd_eabi.lib : frcdivd.obj (.text:__TI_frcdivd)
                  00010f82    00000420                            : xlog.obj (.text:_Log)
                  000113a2    0000039a                            : div64u.obj (.text:__mspabi_divull)
                  0001173c    00000388                            : xexp.obj (.text:_Exp)
                  00011ac4    0000030e     main.obj (.text:main)
                  00011dd2    000002e4     rts430x_lc_rd_eabi.lib : frcmpyd.obj (.text:__TI_frcmpyd)
                  000120b6    000002d8                            : addd.obj (.text:__mspabi_addd)
                  0001238e    000002a4                            : xatan.obj (.text:_Atan)
                  00012632    00000282                            : mpyd.obj (.text:__mspabi_mpyd)
                  000128b4    00000262                            : _printfi.obj (.text:_setfield)
                  00012b16    00000262     BMP180.obj (.text:readPressure)
                  00012d78    00000252     rts430x_lc_rd_eabi.lib : frcaddd.obj (.text:__TI_frcaddd)
                  00012fca    00000222                            : divd.obj (.text:__mspabi_divd)
                  000131ec    00000218                            : _printfi.obj (.text:_pproc_fgea)
                  00013404    00000218                            : _printfi.obj (.text:ecvt)
                  0001361c    00000212                            : _printfi.obj (.text:acvt)
                  0001382e    0000020c                            : atan2.obj (.text:atan2)
                  00013a3a    00000202                            : _printfi.obj (.text:__TI_printfi)
                  00013c3c    00000202                            : _printfi.obj (.text:fcvt)
                  00013e3e    000001a4                            : _printfi.obj (.text:_pconv_e)
                  00013fe2    0000019e                            : xdscale.obj (.text:_Dscale)
                  00014180    00000188                            : _printfi.obj (.text:_getarg_diouxp)
                  00014308    0000016e                            : _printfi.obj (.text:_pconv_a)
                  00014476    00000148                            : _printfi.obj (.text:_pproc_diouxp)
                  000145be    00000130                            : fs_add.obj (.text)
                  000146ee    00000104     Filter.obj (.text:AngleCalculate)
                  000147f2    00000102     Filter.obj (.text:medianFilter)
                  000148f4    00000100     rts430x_lc_rd_eabi.lib : xdnorm.obj (.text:_Dnorm)
                  000149f4    000000fc                            : _printfi.obj (.text:_pconv_g)
                  00014af0    000000fa                            : _printfi.obj (.text:_pproc_fwp)
                  00014bea    000000f8     main.obj (.text:checkState)
                  00014ce2    000000d8     rts430x_lc_rd_eabi.lib : cmpd.obj (.text:__mspabi_cmpd)
                  00014dba    000000cc                            : xdint.obj (.text:_Dint)
                  00014e86    000000b6                            : fs_mpy.obj (.text)
                  00014f3c    000000b2                            : renormd.obj (.text:__TI_renormd)
                  00014fee    000000a8                            : _printfi.obj (.text:_pproc_str)
                  00015096    000000a0     BMP180.obj (.text:readTemperature)
                  00015136    0000009e     rts430x_lc_rd_eabi.lib : _printfi.obj (.text:_ltostr)
                  000151d4    00000094                            : fltlid.obj (.text:__mspabi_fltlid)
                  00015268    00000094                            : _printfi.obj (.text:_ecpy)
                  000152fc    00000090                            : _printfi.obj (.text:_mcpy)
                  0001538c    0000008e                            : fs_div.obj (.text)
                  0001541a    0000008c                            : cvtdf.obj (.text:__mspabi_cvtdf)
                  000154a6    0000008a     Filter.obj (.text:FIR)
                  00015530    00000088     rts430x_lc_rd_eabi.lib : _printfi.obj (.text:_div)
                  000155b8    00000086                            : ldexp.obj (.text:ldexp)
                  0001563e    00000080     MPU9150.obj (.text:getMPU6050Acc)
                  000156be    00000080     MPU9150.obj (.text:getMPU6050Gyro)
                  0001573e    00000080     rts430x_lc_rd_eabi.lib : ltoa.obj (.text:ltoa)
                  000157be    00000078                            : _printfi.obj (.text:_pconv_f)
                  00015836    00000076                            : fltuld.obj (.text:__mspabi_fltuld)
                  000158ac    00000072                            : xdunscal.obj (.text:_Dunscale)
                  0001591e    0000006c                            : autoinit_wdt.obj (.text:_auto_init_hold_wdt)
                  0001598a    0000006c     BMP180.obj (.text:startPressure)
                  000159f6    00000068     rts430x_lc_rd_eabi.lib : copy_decompress_rle.obj (.text:__TI_decompress_rle_core)
                  00015a5e    00000066                            : fixdli.obj (.text:__mspabi_fixdli)
                  00015ac4    00000064                            : cvtfd.obj (.text:__mspabi_cvtfd)
                  00015b28    00000062                            : atoi.obj (.text:atoi)
                  00015b8a    00000058                            : div32u.obj (.text)
                  00015be2    00000052     UART.obj (.text:print)
                  00015c34    00000052     MPU9150.obj (.text:readMPU6050Acc)
                  00015c86    00000052     MPU9150.obj (.text:readMPU6050Gyro)
                  00015cd8    00000050     rts430x_lc_rd_eabi.lib : xdclass.obj (.text:_Dclass)
                  00015d28    0000004e                            : _printfi.obj (.text:_fcpy)
                  00015d76    0000004c     Filter.obj (.text:averageFilter)
                  00015dc2    0000004a     SHT21.obj (.text:getSHT21TEMP)
                  00015e0c    0000004a     rts430x_lc_rd_eabi.lib : fs_cmp.obj (.text)
                  00015e56    00000048     ISL29023.obj (.text:readISL29023)
                  00015e9e    00000046     rts430x_lc_rd_eabi.lib : _printfi.obj (.text:_pproc_fflags)
                  00015ee4    00000044                            : sprintf.obj (.text:sprintf)
                  00015f28    00000042                            : frexp.obj (.text:frexp)
                  00015f6a    00000042     main.obj (.text:initDebugging)
                  00015fac    00000042     I2C.obj (.text:sendI2C)
                  00015fee    00000042     I2C.obj (.text:sendI2CBytes)
                  00016030    00000040     ISL29023.obj (.text:getISL29023AMB)
                  00016070    00000040     SHT21.obj (.text:getSHT21HUM)
                  000160b0    00000040     I2C.obj (.text:readI2CBytes)
                  000160f0    00000040     rts430x_lc_rd_eabi.lib : div32s.obj (.text)
                  00016130    0000003e     BMP180.obj (.text:getBMP180Prs)
                  0001616e    0000003e     rts430x_lc_rd_eabi.lib : _printfi.obj (.text:incr_hex)
                  000161ac    0000003e                            : asr32.obj (.text:l_asr_const)
                  000161ea    0000003e                            : lsl32.obj (.text:l_lsl_const)
                  00016228    0000003e                            : lsr32.obj (.text:l_lsr_const)
                  00016266    0000003a                            : lsl64.obj (.text:__mspabi_sllll)
                  000162a0    0000003a                            : lsr64.obj (.text:__mspabi_srlll)
                  000162da    0000003a     I2C.obj (.text:initI2C)
                  00016314    0000003a     MPU9150.obj (.text:initMPU9150)
                  0001634e    00000038     I2C.obj (.text:readI2CWord)
                  00016386    00000038     rts430x_lc_rd_eabi.lib : signal.obj (.text:signal)
                  000163be    00000036                            : xferaise.obj (.text:_Feraise)
                  000163f4    00000036     ISL29023.obj (.text:initISL29023)
                  0001642a    00000036     rts430x_lc_rd_eabi.lib : fs_itof.obj (.text)
                  00016460    00000034                            : feraiseexcept.obj (.text:feraiseexcept)
                  00016494    00000034     MPU9150.obj (.text:readMPU6050Temp)
                  000164c8    00000032     rts430x_lc_rd_eabi.lib : subd.obj (.text:__mspabi_subd)
                  000164fa    00000032                            : raise.obj (.text:raise)
                  0001652c    00000032     I2C.obj (.text:readI2C)
                  0001655e    0000002e     rts430x_lc_rd_eabi.lib : negd.obj (.text:__mspabi_negd)
                  0001658c    0000002c     MPU9150.obj (.text:MPU6050_ReadData)
                  000165b8    0000002c     rts430x_lc_rd_eabi.lib : div16s.obj (.text)
                  000165e4    0000002a     UART.obj (.text:initUART)
                  0001660e    00000028     rts430x_lc_rd_eabi.lib : fixdi.obj (.text:__mspabi_fixdi)
                  00016636    00000026     MPU9150.obj (.text:MPU6050_WriteReg)
                  0001665c    00000026     BMP180.obj (.text:readBytes)
                  00016682    00000026     BMP180.obj (.text:startTemperature)
                  000166a8    00000024     I2C.obj (.text:clearI2CPort)
                  000166cc    00000024     rts430x_lc_rd_eabi.lib : copy_zero_init.obj (.text:decompress:ZI:__TI_zero_init)
                  000166f0    00000024     TEMP006.obj (.text:initTEMP006)
                  00016714    00000024     BMP180.obj (.text:readInt)
                  00016738    00000024     SHT21.obj (.text:readSHT21HUM)
                  0001675c    00000024     SHT21.obj (.text:readSHT21TEMP)
                  00016780    00000024     BMP180.obj (.text:readUInt)
                  000167a4    00000024     rts430x_lc_rd_eabi.lib : fs_utof.obj (.text)
                  000167c8    00000022                            : mult32_f5hw.obj (.text)
                  000167ea    00000020                            : sprintf.obj (.text:_outs)
                  0001680a    00000020     main.obj (.text:initSensors)
                  0001682a    00000020     UART.obj (.text:printstring)
                  0001684a    00000020     rts430x_lc_rd_eabi.lib : _printfi.obj (.text:val_hex)
                  0001686a    0000001e     BMP180.obj (.text:bmp180_delay)
                  00016888    0000001e     BMP180.obj (.text:getBMP180Temp)
                  000168a6    0000001e     rts430x_lc_rd_eabi.lib : memccpy.obj (.text:memccpy)
                  000168c4    0000001e     TEMP006.obj (.text:readTMP006AMB)
                  000168e2    0000001e     BMP180.obj (.text:writeBytes)
                  00016900    0000001c     rts430x_lc_rd_eabi.lib : strchr.obj (.text:strchr)
                  0001691c    0000001a     main.obj (.text:delayMs)
                  00016936    00000016     TEMP006.obj (.text:getTMP006AMB)
                  0001694c    00000016     rts430x_lc_rd_eabi.lib : memset.obj (.text:memset)
                  00016962    00000016                            : div16u.obj (.text)
                  00016978    00000016                            : mult16_f5hw.obj (.text)
                  0001698e    00000014                            : sprintf.obj (.text:_outc)
                  000169a2    00000014                            : memcpy.obj (.text:memcpy)
                  000169b6    00000012                            : copy_decompress_none.obj (.text:decompress:none:__TI_decompress_none)
                  000169c8    00000012                            : toupper.obj (.text:toupper)
                  000169da    00000010                            : asr32.obj (.text:l_asr)
                  000169ea    00000010                            : lsl32.obj (.text:l_lsl)
                  000169fa    00000010                            : lsr32.obj (.text:l_lsr)
                  00016a0a    0000000e                            : log.obj (.text:log)
                  00016a18    0000000e                            : strlen.obj (.text:strlen)
                  00016a26    0000000c                            : fltid.obj (.text:__mspabi_fltid)
                  00016a32    0000000c     UART.obj (.text:printchar)
                  00016a3e    0000000a     rts430x_lc_rd_eabi.lib : abs.obj (.text:abs)
                  00016a48    0000000a                            : fs_neg.obj (.text)
                  00016a52    0000000a                            : lsl16.obj (.text)
                  00016a5c    0000000a                            : lsr16.obj (.text)
                  00016a66    00000008     I2C.obj (.text:setI2CAddress)
                  00016a6e    00000006     rts430x_lc_rd_eabi.lib : fltud.obj (.text:__mspabi_fltud)
                  00016a74    00000006                            : copy_decompress_rle.obj (.text:decompress:rle24:__TI_decompress_rle24)
                  00016a7a    00000004                            : pre_init.obj (.text:_system_pre_init)
                  00016a7e    00000004                            : exit.obj (.text:abort)
                  00016a82    00000002                            : _lock.obj (.text:_nop)
                  00016a84    00000002     SHT21.obj (.text:initSHT21)


LINKER GENERATED COPY TABLES

__TI_cinit_table @ 0000484a records: 2, size/record: 8, table size: 16
	.data: load addr=000047a4, load size=00000093 bytes, run addr=00002400, run size=0000024d bytes, compression=rle
	.bss: load addr=00004844, load size=00000006 bytes, run addr=0000264e, run size=00000092 bytes, compression=zero_init


LINKER GENERATED HANDLER TABLE

__TI_handler_table @ 00004838 records: 3, size/record: 4, table size: 12
	index: 0, handler: __TI_zero_init
	index: 1, handler: __TI_decompress_rle24
	index: 2, handler: __TI_decompress_none


GLOBAL SYMBOLS: SORTED ALPHABETICALLY BY Name 

address   name                    
-------   ----                    
000026c4  AC1                     
000026c6  AC2                     
000026c8  AC3                     
000026ca  AC4                     
000026cc  AC5                     
000026ce  AC6                     
00000700  ADC12CTL0               
00000701  ADC12CTL0_H             
00000700  ADC12CTL0_L             
00000702  ADC12CTL1               
00000703  ADC12CTL1_H             
00000702  ADC12CTL1_L             
00000704  ADC12CTL2               
00000705  ADC12CTL2_H             
00000704  ADC12CTL2_L             
0000070c  ADC12IE                 
0000070d  ADC12IE_H               
0000070c  ADC12IE_L               
0000070a  ADC12IFG                
0000070b  ADC12IFG_H              
0000070a  ADC12IFG_L              
0000070e  ADC12IV                 
0000070f  ADC12IV_H               
0000070e  ADC12IV_L               
00000710  ADC12MCTL0              
00000711  ADC12MCTL1              
0000071a  ADC12MCTL10             
0000071b  ADC12MCTL11             
0000071c  ADC12MCTL12             
0000071d  ADC12MCTL13             
0000071e  ADC12MCTL14             
0000071f  ADC12MCTL15             
00000712  ADC12MCTL2              
00000713  ADC12MCTL3              
00000714  ADC12MCTL4              
00000715  ADC12MCTL5              
00000716  ADC12MCTL6              
00000717  ADC12MCTL7              
00000718  ADC12MCTL8              
00000719  ADC12MCTL9              
00000720  ADC12MEM0               
00000721  ADC12MEM0_H             
00000720  ADC12MEM0_L             
00000722  ADC12MEM1               
00000734  ADC12MEM10              
00000735  ADC12MEM10_H            
00000734  ADC12MEM10_L            
00000736  ADC12MEM11              
00000737  ADC12MEM11_H            
00000736  ADC12MEM11_L            
00000738  ADC12MEM12              
00000739  ADC12MEM12_H            
00000738  ADC12MEM12_L            
0000073a  ADC12MEM13              
0000073b  ADC12MEM13_H            
0000073a  ADC12MEM13_L            
0000073c  ADC12MEM14              
0000073d  ADC12MEM14_H            
0000073c  ADC12MEM14_L            
0000073e  ADC12MEM15              
0000073f  ADC12MEM15_H            
0000073e  ADC12MEM15_L            
00000723  ADC12MEM1_H             
00000722  ADC12MEM1_L             
00000724  ADC12MEM2               
00000725  ADC12MEM2_H             
00000724  ADC12MEM2_L             
00000726  ADC12MEM3               
00000727  ADC12MEM3_H             
00000726  ADC12MEM3_L             
00000728  ADC12MEM4               
00000729  ADC12MEM4_H             
00000728  ADC12MEM4_L             
0000072a  ADC12MEM5               
0000072b  ADC12MEM5_H             
0000072a  ADC12MEM5_L             
0000072c  ADC12MEM6               
0000072d  ADC12MEM6_H             
0000072c  ADC12MEM6_L             
0000072e  ADC12MEM7               
0000072f  ADC12MEM7_H             
0000072e  ADC12MEM7_L             
00000730  ADC12MEM8               
00000731  ADC12MEM8_H             
00000730  ADC12MEM8_L             
00000732  ADC12MEM9               
00000733  ADC12MEM9_H             
00000732  ADC12MEM9_L             
000146ee  AngleCalculate          
00016a7e  C$$EXIT                 
000008c0  CBCTL0                  
000008c1  CBCTL0_H                
000008c0  CBCTL0_L                
000008c2  CBCTL1                  
000008c3  CBCTL1_H                
000008c2  CBCTL1_L                
000008c4  CBCTL2                  
000008c5  CBCTL2_H                
000008c4  CBCTL2_L                
000008c6  CBCTL3                  
000008c7  CBCTL3_H                
000008c6  CBCTL3_L                
000008cc  CBINT                   
000008cd  CBINT_H                 
000008cc  CBINT_L                 
000008ce  CBIV                    
00000150  CRCDI                   
00000152  CRCDIRB                 
00000153  CRCDIRB_H               
00000152  CRCDIRB_L               
00000151  CRCDI_H                 
00000150  CRCDI_L                 
00000154  CRCINIRES               
00000155  CRCINIRES_H             
00000154  CRCINIRES_L             
00000156  CRCRESR                 
00000157  CRCRESR_H               
00000156  CRCRESR_L               
00000510  DMA0CTL                 
00000511  DMA0CTL_H               
00000510  DMA0CTL_L               
00000516  DMA0DA                  
00000518  DMA0DAH                 
00000516  DMA0DAL                 
00000512  DMA0SA                  
00000514  DMA0SAH                 
00000512  DMA0SAL                 
0000051a  DMA0SZ                  
00000520  DMA1CTL                 
00000521  DMA1CTL_H               
00000520  DMA1CTL_L               
00000526  DMA1DA                  
00000528  DMA1DAH                 
00000526  DMA1DAL                 
00000522  DMA1SA                  
00000524  DMA1SAH                 
00000522  DMA1SAL                 
0000052a  DMA1SZ                  
00000530  DMA2CTL                 
00000531  DMA2CTL_H               
00000530  DMA2CTL_L               
00000536  DMA2DA                  
00000538  DMA2DAH                 
00000536  DMA2DAL                 
00000532  DMA2SA                  
00000534  DMA2SAH                 
00000532  DMA2SAL                 
0000053a  DMA2SZ                  
00000500  DMACTL0                 
00000501  DMACTL0_H               
00000500  DMACTL0_L               
00000502  DMACTL1                 
00000503  DMACTL1_H               
00000502  DMACTL1_L               
00000504  DMACTL2                 
00000505  DMACTL2_H               
00000504  DMACTL2_L               
00000506  DMACTL3                 
00000507  DMACTL3_H               
00000506  DMACTL3_L               
00000508  DMACTL4                 
00000509  DMACTL4_H               
00000508  DMACTL4_L               
0000050e  DMAIV                   
0000050f  DMAIV_H                 
0000050e  DMAIV_L                 
00000140  FCTL1                   
00000141  FCTL1_H                 
00000140  FCTL1_L                 
00000144  FCTL3                   
00000145  FCTL3_H                 
00000144  FCTL3_L                 
00000146  FCTL4                   
00000147  FCTL4_H                 
00000146  FCTL4_L                 
000154a6  FIR                     
000004c4  MAC                     
000004da  MAC32H                  
000004db  MAC32H_H                
000004da  MAC32H_L                
000004d8  MAC32L                  
000004d9  MAC32L_H                
000004d8  MAC32L_L                
000004c6  MACS                    
000004de  MACS32H                 
000004df  MACS32H_H               
000004de  MACS32H_L               
000004dc  MACS32L                 
000004dd  MACS32L_H               
000004dc  MACS32L_L               
000004c7  MACS_H                  
000004c6  MACS_L                  
000004c5  MAC_H                   
000004c4  MAC_L                   
000026d0  MB                      
000026d2  MC                      
000026d4  MD                      
0001658c  MPU6050_ReadData        
00016636  MPU6050_WriteReg        
000004c0  MPY                     
000004ec  MPY32CTL0               
000004ed  MPY32CTL0_H             
000004ec  MPY32CTL0_L             
000004d2  MPY32H                  
000004d3  MPY32H_H                
000004d2  MPY32H_L                
000004d0  MPY32L                  
000004d1  MPY32L_H                
000004d0  MPY32L_L                
000004c2  MPYS                    
000004d6  MPYS32H                 
000004d7  MPYS32H_H               
000004d6  MPYS32H_L               
000004d4  MPYS32L                 
000004d5  MPYS32L_H               
000004d4  MPYS32L_L               
000004c3  MPYS_H                  
000004c2  MPYS_L                  
000004c1  MPY_H                   
000004c0  MPY_L                   
000004c8  OP2                     
000004e2  OP2H                    
000004e3  OP2H_H                  
000004e2  OP2H_L                  
000004e0  OP2L                    
000004e1  OP2L_H                  
000004e0  OP2L_L                  
000004c9  OP2_H                   
000004c8  OP2_L                   
0000020e  P1IV                    
0000021e  P2IV                    
000001e0  P4MAP01                 
000001e1  P4MAP01_H               
000001e0  P4MAP01_L               
000001e2  P4MAP23                 
000001e3  P4MAP23_H               
000001e2  P4MAP23_L               
000001e4  P4MAP45                 
000001e5  P4MAP45_H               
000001e4  P4MAP45_L               
000001e6  P4MAP67                 
000001e7  P4MAP67_H               
000001e6  P4MAP67_L               
00000204  PADIR                   
00000205  PADIR_H                 
00000204  PADIR_L                 
00000208  PADS                    
00000209  PADS_H                  
00000208  PADS_L                  
0000021a  PAIE                    
00000218  PAIES                   
00000219  PAIES_H                 
00000218  PAIES_L                 
0000021b  PAIE_H                  
0000021a  PAIE_L                  
0000021c  PAIFG                   
0000021d  PAIFG_H                 
0000021c  PAIFG_L                 
00000200  PAIN                    
00000201  PAIN_H                  
00000200  PAIN_L                  
00000202  PAOUT                   
00000203  PAOUT_H                 
00000202  PAOUT_L                 
00000206  PAREN                   
00000207  PAREN_H                 
00000206  PAREN_L                 
0000020a  PASEL                   
0000020b  PASEL_H                 
0000020a  PASEL_L                 
00000224  PBDIR                   
00000225  PBDIR_H                 
00000224  PBDIR_L                 
00000228  PBDS                    
00000229  PBDS_H                  
00000228  PBDS_L                  
00000220  PBIN                    
00000221  PBIN_H                  
00000220  PBIN_L                  
00000222  PBOUT                   
00000223  PBOUT_H                 
00000222  PBOUT_L                 
00000226  PBREN                   
00000227  PBREN_H                 
00000226  PBREN_L                 
0000022a  PBSEL                   
0000022b  PBSEL_H                 
0000022a  PBSEL_L                 
00000244  PCDIR                   
00000245  PCDIR_H                 
00000244  PCDIR_L                 
00000248  PCDS                    
00000249  PCDS_H                  
00000248  PCDS_L                  
00000240  PCIN                    
00000241  PCIN_H                  
00000240  PCIN_L                  
00000242  PCOUT                   
00000243  PCOUT_H                 
00000242  PCOUT_L                 
00000246  PCREN                   
00000247  PCREN_H                 
00000246  PCREN_L                 
0000024a  PCSEL                   
0000024b  PCSEL_H                 
0000024a  PCSEL_L                 
00000264  PDDIR                   
00000265  PDDIR_H                 
00000264  PDDIR_L                 
00000268  PDDS                    
00000269  PDDS_H                  
00000268  PDDS_L                  
00000260  PDIN                    
00000261  PDIN_H                  
00000260  PDIN_L                  
00000262  PDOUT                   
00000263  PDOUT_H                 
00000262  PDOUT_L                 
00000266  PDREN                   
00000267  PDREN_H                 
00000266  PDREN_L                 
0000026a  PDSEL                   
0000026b  PDSEL_H                 
0000026a  PDSEL_L                 
00000324  PJDIR                   
00000325  PJDIR_H                 
00000324  PJDIR_L                 
00000328  PJDS                    
00000329  PJDS_H                  
00000328  PJDS_L                  
00000320  PJIN                    
00000321  PJIN_H                  
00000320  PJIN_L                  
00000322  PJOUT                   
00000323  PJOUT_H                 
00000322  PJOUT_L                 
00000326  PJREN                   
00000327  PJREN_H                 
00000326  PJREN_L                 
00000130  PM5CTL0                 
00000131  PM5CTL0_H               
00000130  PM5CTL0_L               
000001c2  PMAPCTL                 
000001c3  PMAPCTL_H               
000001c2  PMAPCTL_L               
000001c0  PMAPKEYID               
000001c1  PMAPKEYID_H             
000001c0  PMAPKEYID_L             
00000120  PMMCTL0                 
00000121  PMMCTL0_H               
00000120  PMMCTL0_L               
00000122  PMMCTL1                 
00000123  PMMCTL1_H               
00000122  PMMCTL1_L               
0000012c  PMMIFG                  
0000012d  PMMIFG_H                
0000012c  PMMIFG_L                
0000012e  PMMRIE                  
0000012f  PMMRIE_H                
0000012e  PMMRIE_L                
00002664  PRxData                 
00002668  PTxData                 
000044b0  Port_1                  
00004472  Port_2                  
00000158  RCCTL0                  
00000159  RCCTL0_H                
00000158  RCCTL0_L                
000001b0  REFCTL0                 
000001b1  REFCTL0_H               
000001b0  REFCTL0_L               
000004e4  RES0                    
000004e5  RES0_H                  
000004e4  RES0_L                  
000004e6  RES1                    
000004e7  RES1_H                  
000004e6  RES1_L                  
000004e8  RES2                    
000004e9  RES2_H                  
000004e8  RES2_L                  
000004ea  RES3                    
000004eb  RES3_H                  
000004ea  RES3_L                  
000004cc  RESHI                   
000004cd  RESHI_H                 
000004cc  RESHI_L                 
000004ca  RESLO                   
000004cb  RESLO_H                 
000004ca  RESLO_L                 
000004ba  RTCADOWDAY              
000004bb  RTCADOWDAY_H            
000004ba  RTCADOWDAY_L            
000004b8  RTCAMINHR               
000004b9  RTCAMINHR_H             
000004b8  RTCAMINHR_L             
000004a0  RTCCTL01                
000004a1  RTCCTL01_H              
000004a0  RTCCTL01_L              
000004a2  RTCCTL23                
000004a3  RTCCTL23_H              
000004a2  RTCCTL23_L              
000004b4  RTCDATE                 
000004b5  RTCDATE_H               
000004b4  RTCDATE_L               
000004ae  RTCIV                   
000004ac  RTCPS                   
000004a8  RTCPS0CTL               
000004a9  RTCPS0CTL_H             
000004a8  RTCPS0CTL_L             
000004aa  RTCPS1CTL               
000004ab  RTCPS1CTL_H             
000004aa  RTCPS1CTL_L             
000004ad  RTCPS_H                 
000004ac  RTCPS_L                 
000004b0  RTCTIM0                 
000004b1  RTCTIM0_H               
000004b0  RTCTIM0_L               
000004b2  RTCTIM1                 
000004b3  RTCTIM1_H               
000004b2  RTCTIM1_L               
000004b6  RTCYEAR                 
000004b7  RTCYEAR_H               
000004b6  RTCYEAR_L               
000026dc  RXByteCtr               
0000264e  RxBuffer                
00000100  SFRIE1                  
00000101  SFRIE1_H                
00000100  SFRIE1_L                
00000102  SFRIFG1                 
00000103  SFRIFG1_H               
00000102  SFRIFG1_L               
00000104  SFRRPCR                 
00000105  SFRRPCR_H               
00000104  SFRRPCR_L               
000004ce  SUMEXT                  
000004cf  SUMEXT_H                
000004ce  SUMEXT_L                
00000124  SVSMHCTL                
00000125  SVSMHCTL_H              
00000124  SVSMHCTL_L              
00000128  SVSMIO                  
00000129  SVSMIO_H                
00000128  SVSMIO_L                
00000126  SVSMLCTL                
00000127  SVSMLCTL_H              
00000126  SVSMLCTL_L              
00000198  SYSBERRIV               
00000199  SYSBERRIV_H             
00000198  SYSBERRIV_L             
00000182  SYSBSLC                 
00000183  SYSBSLC_H               
00000182  SYSBSLC_L               
00000180  SYSCTL                  
00000181  SYSCTL_H                
00000180  SYSCTL_L                
00000186  SYSJMBC                 
00000187  SYSJMBC_H               
00000186  SYSJMBC_L               
00000188  SYSJMBI0                
00000189  SYSJMBI0_H              
00000188  SYSJMBI0_L              
0000018a  SYSJMBI1                
0000018b  SYSJMBI1_H              
0000018a  SYSJMBI1_L              
0000018c  SYSJMBO0                
0000018d  SYSJMBO0_H              
0000018c  SYSJMBO0_L              
0000018e  SYSJMBO1                
0000018f  SYSJMBO1_H              
0000018e  SYSJMBO1_L              
0000019e  SYSRSTIV                
0000019f  SYSRSTIV_H              
0000019e  SYSRSTIV_L              
0000019c  SYSSNIV                 
0000019d  SYSSNIV_H               
0000019c  SYSSNIV_L               
0000019a  SYSUNIV                 
0000019b  SYSUNIV_H               
0000019a  SYSUNIV_L               
00000352  TA0CCR0                 
00000354  TA0CCR1                 
00000356  TA0CCR2                 
00000358  TA0CCR3                 
0000035a  TA0CCR4                 
00000342  TA0CCTL0                
00000344  TA0CCTL1                
00000346  TA0CCTL2                
00000348  TA0CCTL3                
0000034a  TA0CCTL4                
00000340  TA0CTL                  
00000360  TA0EX0                  
0000036e  TA0IV                   
00000350  TA0R                    
00000392  TA1CCR0                 
00000394  TA1CCR1                 
00000396  TA1CCR2                 
00000382  TA1CCTL0                
00000384  TA1CCTL1                
00000386  TA1CCTL2                
00000380  TA1CTL                  
000003a0  TA1EX0                  
000003ae  TA1IV                   
00000390  TA1R                    
00000412  TA2CCR0                 
00000414  TA2CCR1                 
00000416  TA2CCR2                 
00000402  TA2CCTL0                
00000404  TA2CCTL1                
00000406  TA2CCTL2                
00000400  TA2CTL                  
00000420  TA2EX0                  
0000042e  TA2IV                   
00000410  TA2R                    
000003d2  TB0CCR0                 
000003d4  TB0CCR1                 
000003d6  TB0CCR2                 
000003d8  TB0CCR3                 
000003da  TB0CCR4                 
000003dc  TB0CCR5                 
000003de  TB0CCR6                 
000003c2  TB0CCTL0                
000003c4  TB0CCTL1                
000003c6  TB0CCTL2                
000003c8  TB0CCTL3                
000003ca  TB0CCTL4                
000003cc  TB0CCTL5                
000003ce  TB0CCTL6                
000003c0  TB0CTL                  
000003e0  TB0EX0                  
000003ee  TB0IV                   
000003d0  TB0R                    
000026dd  TXByteCtr               
000005d0  UCA0ABCTL               
000005c6  UCA0BRW                 
000005c7  UCA0BRW_H               
000005c6  UCA0BRW_L               
000005c0  UCA0CTLW0               
000005c1  UCA0CTLW0_H             
000005c0  UCA0CTLW0_L             
000005dc  UCA0ICTL                
000005dd  UCA0ICTL_H              
000005dc  UCA0ICTL_L              
000005d2  UCA0IRCTL               
000005d3  UCA0IRCTL_H             
000005d2  UCA0IRCTL_L             
000005de  UCA0IV                  
000005c8  UCA0MCTL                
000005cc  UCA0RXBUF               
000005ca  UCA0STAT                
000005ce  UCA0TXBUF               
00000610  UCA1ABCTL               
00000606  UCA1BRW                 
00000607  UCA1BRW_H               
00000606  UCA1BRW_L               
00000600  UCA1CTLW0               
00000601  UCA1CTLW0_H             
00000600  UCA1CTLW0_L             
0000061c  UCA1ICTL                
0000061d  UCA1ICTL_H              
0000061c  UCA1ICTL_L              
00000612  UCA1IRCTL               
00000613  UCA1IRCTL_H             
00000612  UCA1IRCTL_L             
0000061e  UCA1IV                  
00000608  UCA1MCTL                
0000060c  UCA1RXBUF               
0000060a  UCA1STAT                
0000060e  UCA1TXBUF               
000005e6  UCB0BRW                 
000005e7  UCB0BRW_H               
000005e6  UCB0BRW_L               
000005e0  UCB0CTLW0               
000005e1  UCB0CTLW0_H             
000005e0  UCB0CTLW0_L             
000005f0  UCB0I2COA               
000005f1  UCB0I2COA_H             
000005f0  UCB0I2COA_L             
000005f2  UCB0I2CSA               
000005f3  UCB0I2CSA_H             
000005f2  UCB0I2CSA_L             
000005fc  UCB0ICTL                
000005fd  UCB0ICTL_H              
000005fc  UCB0ICTL_L              
000005fe  UCB0IV                  
000005ec  UCB0RXBUF               
000005ea  UCB0STAT                
000005ee  UCB0TXBUF               
00000626  UCB1BRW                 
00000627  UCB1BRW_H               
00000626  UCB1BRW_L               
00000620  UCB1CTLW0               
00000621  UCB1CTLW0_H             
00000620  UCB1CTLW0_L             
00000630  UCB1I2COA               
00000631  UCB1I2COA_H             
00000630  UCB1I2COA_L             
00000632  UCB1I2CSA               
00000633  UCB1I2CSA_H             
00000632  UCB1I2CSA_L             
0000063c  UCB1ICTL                
0000063d  UCB1ICTL_H              
0000063c  UCB1ICTL_L              
0000063e  UCB1IV                  
0000062c  UCB1RXBUF               
0000062a  UCB1STAT                
0000062e  UCB1TXBUF               
00000160  UCSCTL0                 
00000161  UCSCTL0_H               
00000160  UCSCTL0_L               
00000162  UCSCTL1                 
00000163  UCSCTL1_H               
00000162  UCSCTL1_L               
00000164  UCSCTL2                 
00000165  UCSCTL2_H               
00000164  UCSCTL2_L               
00000166  UCSCTL3                 
00000167  UCSCTL3_H               
00000166  UCSCTL3_L               
00000168  UCSCTL4                 
00000169  UCSCTL4_H               
00000168  UCSCTL4_L               
0000016a  UCSCTL5                 
0000016b  UCSCTL5_H               
0000016a  UCSCTL5_L               
0000016c  UCSCTL6                 
0000016d  UCSCTL6_H               
0000016c  UCSCTL6_L               
0000016e  UCSCTL7                 
0000016f  UCSCTL7_H               
0000016e  UCSCTL7_L               
00000170  UCSCTL8                 
00000171  UCSCTL8_H               
00000170  UCSCTL8_L               
00000902  USBCNF                  
00000903  USBCNF_H                
00000902  USBCNF_L                
0000093c  USBCTL                  
0000093a  USBFN                   
0000093b  USBFN_H                 
0000093a  USBFN_L                 
0000093f  USBFUNADR               
0000093d  USBIE                   
00002378  USBIEP0BUF              
000023c9  USBIEPBBAX_1            
000023d1  USBIEPBBAX_2            
000023d9  USBIEPBBAX_3            
000023e1  USBIEPBBAX_4            
000023e9  USBIEPBBAX_5            
000023f1  USBIEPBBAX_6            
000023f9  USBIEPBBAX_7            
000023cd  USBIEPBBAY_1            
000023d5  USBIEPBBAY_2            
000023dd  USBIEPBBAY_3            
000023e5  USBIEPBBAY_4            
000023ed  USBIEPBBAY_5            
000023f5  USBIEPBBAY_6            
000023fd  USBIEPBBAY_7            
000023ca  USBIEPBCTX_1            
000023d2  USBIEPBCTX_2            
000023da  USBIEPBCTX_3            
000023e2  USBIEPBCTX_4            
000023ea  USBIEPBCTX_5            
000023f2  USBIEPBCTX_6            
000023fa  USBIEPBCTX_7            
000023ce  USBIEPBCTY_1            
000023d6  USBIEPBCTY_2            
000023de  USBIEPBCTY_3            
000023e6  USBIEPBCTY_4            
000023ee  USBIEPBCTY_5            
000023f6  USBIEPBCTY_6            
000023fe  USBIEPBCTY_7            
00000920  USBIEPCNF_0             
000023c8  USBIEPCNF_1             
000023d0  USBIEPCNF_2             
000023d8  USBIEPCNF_3             
000023e0  USBIEPCNF_4             
000023e8  USBIEPCNF_5             
000023f0  USBIEPCNF_6             
000023f8  USBIEPCNF_7             
00000921  USBIEPCNT_0             
0000092e  USBIEPIE                
00000930  USBIEPIFG               
000023cf  USBIEPSIZXY_1           
000023d7  USBIEPSIZXY_2           
000023df  USBIEPSIZXY_3           
000023e7  USBIEPSIZXY_4           
000023ef  USBIEPSIZXY_5           
000023f7  USBIEPSIZXY_6           
000023ff  USBIEPSIZXY_7           
0000093e  USBIFG                  
00000900  USBKEYID                
00000901  USBKEYID_H              
00000900  USBKEYID_L              
00000936  USBMAINT                
00000937  USBMAINT_H              
00000936  USBMAINT_L              
00002370  USBOEP0BUF              
00002389  USBOEPBBAX_1            
00002391  USBOEPBBAX_2            
00002399  USBOEPBBAX_3            
000023a1  USBOEPBBAX_4            
000023a9  USBOEPBBAX_5            
000023b1  USBOEPBBAX_6            
000023b9  USBOEPBBAX_7            
0000238d  USBOEPBBAY_1            
00002395  USBOEPBBAY_2            
0000239d  USBOEPBBAY_3            
000023a5  USBOEPBBAY_4            
000023ad  USBOEPBBAY_5            
000023b5  USBOEPBBAY_6            
000023bd  USBOEPBBAY_7            
0000238a  USBOEPBCTX_1            
00002392  USBOEPBCTX_2            
0000239a  USBOEPBCTX_3            
000023a2  USBOEPBCTX_4            
000023aa  USBOEPBCTX_5            
000023b2  USBOEPBCTX_6            
000023ba  USBOEPBCTX_7            
0000238e  USBOEPBCTY_1            
00002396  USBOEPBCTY_2            
0000239e  USBOEPBCTY_3            
000023a6  USBOEPBCTY_4            
000023ae  USBOEPBCTY_5            
000023b6  USBOEPBCTY_6            
000023be  USBOEPBCTY_7            
00000922  USBOEPCNF_0             
00002388  USBOEPCNF_1             
00002390  USBOEPCNF_2             
00002398  USBOEPCNF_3             
000023a0  USBOEPCNF_4             
000023a8  USBOEPCNF_5             
000023b0  USBOEPCNF_6             
000023b8  USBOEPCNF_7             
00000923  USBOEPCNT_0             
0000092f  USBOEPIE                
00000931  USBOEPIFG               
0000238f  USBOEPSIZXY_1           
00002397  USBOEPSIZXY_2           
0000239f  USBOEPSIZXY_3           
000023a7  USBOEPSIZXY_4           
000023af  USBOEPSIZXY_5           
000023b7  USBOEPSIZXY_6           
000023bf  USBOEPSIZXY_7           
00000904  USBPHYCTL               
00000905  USBPHYCTL_H             
00000904  USBPHYCTL_L             
00000910  USBPLLCTL               
00000911  USBPLLCTL_H             
00000910  USBPLLCTL_L             
00000912  USBPLLDIVB              
00000913  USBPLLDIVB_H            
00000912  USBPLLDIVB_L            
00000914  USBPLLIR                
00000915  USBPLLIR_H              
00000914  USBPLLIR_L              
00000908  USBPWRCTL               
00000909  USBPWRCTL_H             
00000908  USBPWRCTL_L             
00001c00  USBSTABUFF              
00002380  USBSUBLK                
0000236f  USBTOPBUFF              
00000938  USBTSREG                
00000939  USBTSREG_H              
00000938  USBTSREG_L              
00000932  USBVECINT               
00000933  USBVECINT_H             
00000932  USBVECINT_L             
00004400  USCI_B0_ISR             
000026d6  VB1                     
000026d8  VB2                     
0000015c  WDTCTL                  
0000015d  WDTCTL_H                
0000015c  WDTCTL_L                
00002646  WORD_LSB                
0001238e  _Atan                   
00015cd8  _Dclass                 
000024b0  _Denorm                 
00014dba  _Dint                   
000148f4  _Dnorm                  
00013fe2  _Dscale                 
000158ac  _Dunscale               
000024c0  _Eps                    
0000264a  _Errno                  
0001173c  _Exp                    
00002530  _FDenorm                
00002540  _FEps                   
00002550  _FInf                   
00002560  _FNan                   
00002580  _FRteps                 
00002570  _FSnan                  
00002590  _FXbig                  
00002594  _FZero                  
0000262e  _Fenv                   
000163be  _Feraise                
000024d0  _Hugeval                
000024e0  _Inf                    
00010f82  _Log                    
000024f0  _Nan                    
00002510  _Rteps                  
00002500  _Snan                   
00002632  _Tls_setup__Fenv        
00002520  _Xbig                   
00002528  _Zero                   
00004400  __STACK_END             
000000a0  __STACK_SIZE            
0000484a  __TI_CINIT_Base         
0000485a  __TI_CINIT_Limit        
00004838  __TI_Handler_Table_Base 
00004844  __TI_Handler_Table_Limit
UNDEFED   __TI_INITARRAY_Base     
UNDEFED   __TI_INITARRAY_Limit    
000044fe  __TI_ISR_TRAP           
000169b6  __TI_decompress_none    
00016a74  __TI_decompress_rle24   
00012d78  __TI_frcaddd            
00010b30  __TI_frcdivd            
00011dd2  __TI_frcmpyd            
0000ffd2  __TI_int41              
0000ffd4  __TI_int42              
0000ffd6  __TI_int43              
0000ffd8  __TI_int44              
0000ffda  __TI_int45              
0000ffdc  __TI_int46              
0000ffde  __TI_int47              
0000ffe0  __TI_int48              
0000ffe2  __TI_int49              
0000ffe4  __TI_int50              
0000ffe6  __TI_int51              
0000ffe8  __TI_int52              
0000ffea  __TI_int53              
0000ffec  __TI_int54              
0000ffee  __TI_int55              
0000fff0  __TI_int56              
0000fff2  __TI_int57              
0000fff4  __TI_int58              
0000fff6  __TI_int59              
0000fff8  __TI_int60              
0000fffa  __TI_int61              
0000fffc  __TI_int62              
00013a3a  __TI_printfi            
00014f3c  __TI_renormd            
000166cc  __TI_zero_init          
ffffffff  __binit__               
ffffffff  __c_args__              
000120b6  __mspabi_addd           
000145c4  __mspabi_addf           
00014ce2  __mspabi_cmpd           
00015e0c  __mspabi_cmpf           
0001541a  __mspabi_cvtdf          
00015ac4  __mspabi_cvtfd          
00012fca  __mspabi_divd           
0001538c  __mspabi_divf           
000165b8  __mspabi_divi           
000160f0  __mspabi_divli          
00016962  __mspabi_divu           
00015b8a  __mspabi_divul          
000113a2  __mspabi_divull         
0001660e  __mspabi_fixdi          
00015a5e  __mspabi_fixdli         
00016a26  __mspabi_fltid          
0001642a  __mspabi_fltif          
000151d4  __mspabi_fltlid         
00016a6e  __mspabi_fltud          
000167a4  __mspabi_fltuf          
00015836  __mspabi_fltuld         
00012632  __mspabi_mpyd           
00014e86  __mspabi_mpyf           
00016978  __mspabi_mpyi_f5hw      
000167c8  __mspabi_mpyl_f5hw      
0001655e  __mspabi_negd           
00016a48  __mspabi_negf           
000165b8  __mspabi_remi           
000160f0  __mspabi_remli          
00016962  __mspabi_remu           
00015b8a  __mspabi_remul          
00016a52  __mspabi_slli           
000169ea  __mspabi_slll           
00016222  __mspabi_slll_1         
000161fe  __mspabi_slll_10        
000161fa  __mspabi_slll_11        
000161f6  __mspabi_slll_12        
000161f2  __mspabi_slll_13        
000161ee  __mspabi_slll_14        
000161ea  __mspabi_slll_15        
0001621e  __mspabi_slll_2         
0001621a  __mspabi_slll_3         
00016216  __mspabi_slll_4         
00016212  __mspabi_slll_5         
0001620e  __mspabi_slll_6         
0001620a  __mspabi_slll_7         
00016206  __mspabi_slll_8         
00016202  __mspabi_slll_9         
00016266  __mspabi_sllll          
000169da  __mspabi_sral           
000161e4  __mspabi_sral_1         
000161c0  __mspabi_sral_10        
000161bc  __mspabi_sral_11        
000161b8  __mspabi_sral_12        
000161b4  __mspabi_sral_13        
000161b0  __mspabi_sral_14        
000161ac  __mspabi_sral_15        
000161e0  __mspabi_sral_2         
000161dc  __mspabi_sral_3         
000161d8  __mspabi_sral_4         
000161d4  __mspabi_sral_5         
000161d0  __mspabi_sral_6         
000161cc  __mspabi_sral_7         
000161c8  __mspabi_sral_8         
000161c4  __mspabi_sral_9         
00016a5c  __mspabi_srli           
000169fa  __mspabi_srll           
00016260  __mspabi_srll_1         
0001623c  __mspabi_srll_10        
00016238  __mspabi_srll_11        
00016234  __mspabi_srll_12        
00016230  __mspabi_srll_13        
0001622c  __mspabi_srll_14        
00016228  __mspabi_srll_15        
0001625c  __mspabi_srll_2         
00016258  __mspabi_srll_3         
00016254  __mspabi_srll_4         
00016250  __mspabi_srll_5         
0001624c  __mspabi_srll_6         
00016248  __mspabi_srll_7         
00016244  __mspabi_srll_8         
00016240  __mspabi_srll_9         
000162a0  __mspabi_srlll          
000164c8  __mspabi_subd           
000145be  __mspabi_subf           
0001591e  _auto_init_hold_wdt     
000025b2  _buff                   
000044e4  _c_int00_noargs_noexit  
00004504  _ctypes_                
00002636  _lock                   
00016a82  _nop                    
0000fffe  _reset_vector           
00004360  _stack                  
00016a7a  _system_pre_init        
0000263a  _unlock                 
000025a4  aTest                   
00016a7e  abort                   
00016a3e  abs                     
00002670  absolutePressure        
00002602  acc                     
00002598  ambientLight            
000025a0  angleAcc                
0000259c  angleFusion             
0001382e  atan2                   
00015b28  atoi                    
00015d76  averageFilter           
ffffffff  binit                   
0001686a  bmp180_delay            
000025b0  buttonFilter            
00002674  c5                      
00002678  c6                      
00014bea  checkState              
000166a8  clearI2CPort            
000025c6  coef                    
0001691c  delayMs                 
00016460  feraiseexcept           
00015f28  frexp                   
00002626  gain                    
00016130  getBMP180Prs            
00016888  getBMP180Temp           
00016030  getISL29023AMB          
0001563e  getMPU6050Acc           
000156be  getMPU6050Gyro          
00016070  getSHT21HUM             
00015dc2  getSHT21TEMP            
00016936  getTMP006AMB            
0000260e  gyro                    
0000267c  humSHT21_f              
0001068a  initBMP180              
00015f6a  initDebugging           
000162da  initI2C                 
000163f4  initISL29023            
00016314  initMPU9150             
00016a84  initSHT21               
0001680a  initSensors             
000166f0  initTEMP006             
000165e4  initUART                
000025ad  lastMode                
000155b8  ldexp                   
000026da  light                   
00002680  lightfiltered           
00016a0a  log                     
000025ae  lowPowerMode            
0001573e  ltoa                    
00011ac4  main                    
00002684  mc                      
00002688  md                      
000147f2  medianFilter            
000168a6  memccpy                 
000169a2  memcpy                  
0001694c  memset                  
0000268c  p0                      
00002690  p1                      
00002694  p2                      
00010000  pow                     
00015be2  print                   
00016a32  printchar               
0001682a  printstring             
000164fa  raise                   
0001665c  readBytes               
0001652c  readI2C                 
000160b0  readI2CBytes            
0001634e  readI2CWord             
00015e56  readISL29023            
00016714  readInt                 
00015c34  readMPU6050Acc          
00015c86  readMPU6050Gyro         
00016494  readMPU6050Temp         
00012b16  readPressure            
00016738  readSHT21HUM            
0001675c  readSHT21TEMP           
000168c4  readTMP006AMB           
00015096  readTemperature         
00016780  readUInt                
00015fac  sendI2C                 
00015fee  sendI2CBytes            
000026df  sending                 
000025ac  sensorMode              
00016a66  setI2CAddress           
00016386  signal                  
00015ee4  sprintf                 
0001598a  startPressure           
00016682  startTemperature        
00002645  stop                    
00016900  strchr                  
00016a18  strlen                  
00002698  tempBMP180_f            
0000269c  tempMPU9150_f           
000026a0  tempSHT21_f             
000026a4  tempTMP006_f            
000026a8  tempfiltered            
000025a8  test                    
000169c8  toupper                 
000025ee  values                  
0000262a  weight                  
000168e2  writeBytes              
000026ac  x0                      
000026b0  x1                      
000026b4  x2                      
000026b8  y0                      
000026bc  y1                      
000026c0  y2                      


GLOBAL SYMBOLS: SORTED BY Symbol Address 

address   name                    
-------   ----                    
000000a0  __STACK_SIZE            
00000100  SFRIE1                  
00000100  SFRIE1_L                
00000101  SFRIE1_H                
00000102  SFRIFG1                 
00000102  SFRIFG1_L               
00000103  SFRIFG1_H               
00000104  SFRRPCR                 
00000104  SFRRPCR_L               
00000105  SFRRPCR_H               
00000120  PMMCTL0                 
00000120  PMMCTL0_L               
00000121  PMMCTL0_H               
00000122  PMMCTL1                 
00000122  PMMCTL1_L               
00000123  PMMCTL1_H               
00000124  SVSMHCTL                
00000124  SVSMHCTL_L              
00000125  SVSMHCTL_H              
00000126  SVSMLCTL                
00000126  SVSMLCTL_L              
00000127  SVSMLCTL_H              
00000128  SVSMIO                  
00000128  SVSMIO_L                
00000129  SVSMIO_H                
0000012c  PMMIFG                  
0000012c  PMMIFG_L                
0000012d  PMMIFG_H                
0000012e  PMMRIE                  
0000012e  PMMRIE_L                
0000012f  PMMRIE_H                
00000130  PM5CTL0                 
00000130  PM5CTL0_L               
00000131  PM5CTL0_H               
00000140  FCTL1                   
00000140  FCTL1_L                 
00000141  FCTL1_H                 
00000144  FCTL3                   
00000144  FCTL3_L                 
00000145  FCTL3_H                 
00000146  FCTL4                   
00000146  FCTL4_L                 
00000147  FCTL4_H                 
00000150  CRCDI                   
00000150  CRCDI_L                 
00000151  CRCDI_H                 
00000152  CRCDIRB                 
00000152  CRCDIRB_L               
00000153  CRCDIRB_H               
00000154  CRCINIRES               
00000154  CRCINIRES_L             
00000155  CRCINIRES_H             
00000156  CRCRESR                 
00000156  CRCRESR_L               
00000157  CRCRESR_H               
00000158  RCCTL0                  
00000158  RCCTL0_L                
00000159  RCCTL0_H                
0000015c  WDTCTL                  
0000015c  WDTCTL_L                
0000015d  WDTCTL_H                
00000160  UCSCTL0                 
00000160  UCSCTL0_L               
00000161  UCSCTL0_H               
00000162  UCSCTL1                 
00000162  UCSCTL1_L               
00000163  UCSCTL1_H               
00000164  UCSCTL2                 
00000164  UCSCTL2_L               
00000165  UCSCTL2_H               
00000166  UCSCTL3                 
00000166  UCSCTL3_L               
00000167  UCSCTL3_H               
00000168  UCSCTL4                 
00000168  UCSCTL4_L               
00000169  UCSCTL4_H               
0000016a  UCSCTL5                 
0000016a  UCSCTL5_L               
0000016b  UCSCTL5_H               
0000016c  UCSCTL6                 
0000016c  UCSCTL6_L               
0000016d  UCSCTL6_H               
0000016e  UCSCTL7                 
0000016e  UCSCTL7_L               
0000016f  UCSCTL7_H               
00000170  UCSCTL8                 
00000170  UCSCTL8_L               
00000171  UCSCTL8_H               
00000180  SYSCTL                  
00000180  SYSCTL_L                
00000181  SYSCTL_H                
00000182  SYSBSLC                 
00000182  SYSBSLC_L               
00000183  SYSBSLC_H               
00000186  SYSJMBC                 
00000186  SYSJMBC_L               
00000187  SYSJMBC_H               
00000188  SYSJMBI0                
00000188  SYSJMBI0_L              
00000189  SYSJMBI0_H              
0000018a  SYSJMBI1                
0000018a  SYSJMBI1_L              
0000018b  SYSJMBI1_H              
0000018c  SYSJMBO0                
0000018c  SYSJMBO0_L              
0000018d  SYSJMBO0_H              
0000018e  SYSJMBO1                
0000018e  SYSJMBO1_L              
0000018f  SYSJMBO1_H              
00000198  SYSBERRIV               
00000198  SYSBERRIV_L             
00000199  SYSBERRIV_H             
0000019a  SYSUNIV                 
0000019a  SYSUNIV_L               
0000019b  SYSUNIV_H               
0000019c  SYSSNIV                 
0000019c  SYSSNIV_L               
0000019d  SYSSNIV_H               
0000019e  SYSRSTIV                
0000019e  SYSRSTIV_L              
0000019f  SYSRSTIV_H              
000001b0  REFCTL0                 
000001b0  REFCTL0_L               
000001b1  REFCTL0_H               
000001c0  PMAPKEYID               
000001c0  PMAPKEYID_L             
000001c1  PMAPKEYID_H             
000001c2  PMAPCTL                 
000001c2  PMAPCTL_L               
000001c3  PMAPCTL_H               
000001e0  P4MAP01                 
000001e0  P4MAP01_L               
000001e1  P4MAP01_H               
000001e2  P4MAP23                 
000001e2  P4MAP23_L               
000001e3  P4MAP23_H               
000001e4  P4MAP45                 
000001e4  P4MAP45_L               
000001e5  P4MAP45_H               
000001e6  P4MAP67                 
000001e6  P4MAP67_L               
000001e7  P4MAP67_H               
00000200  PAIN                    
00000200  PAIN_L                  
00000201  PAIN_H                  
00000202  PAOUT                   
00000202  PAOUT_L                 
00000203  PAOUT_H                 
00000204  PADIR                   
00000204  PADIR_L                 
00000205  PADIR_H                 
00000206  PAREN                   
00000206  PAREN_L                 
00000207  PAREN_H                 
00000208  PADS                    
00000208  PADS_L                  
00000209  PADS_H                  
0000020a  PASEL                   
0000020a  PASEL_L                 
0000020b  PASEL_H                 
0000020e  P1IV                    
00000218  PAIES                   
00000218  PAIES_L                 
00000219  PAIES_H                 
0000021a  PAIE                    
0000021a  PAIE_L                  
0000021b  PAIE_H                  
0000021c  PAIFG                   
0000021c  PAIFG_L                 
0000021d  PAIFG_H                 
0000021e  P2IV                    
00000220  PBIN                    
00000220  PBIN_L                  
00000221  PBIN_H                  
00000222  PBOUT                   
00000222  PBOUT_L                 
00000223  PBOUT_H                 
00000224  PBDIR                   
00000224  PBDIR_L                 
00000225  PBDIR_H                 
00000226  PBREN                   
00000226  PBREN_L                 
00000227  PBREN_H                 
00000228  PBDS                    
00000228  PBDS_L                  
00000229  PBDS_H                  
0000022a  PBSEL                   
0000022a  PBSEL_L                 
0000022b  PBSEL_H                 
00000240  PCIN                    
00000240  PCIN_L                  
00000241  PCIN_H                  
00000242  PCOUT                   
00000242  PCOUT_L                 
00000243  PCOUT_H                 
00000244  PCDIR                   
00000244  PCDIR_L                 
00000245  PCDIR_H                 
00000246  PCREN                   
00000246  PCREN_L                 
00000247  PCREN_H                 
00000248  PCDS                    
00000248  PCDS_L                  
00000249  PCDS_H                  
0000024a  PCSEL                   
0000024a  PCSEL_L                 
0000024b  PCSEL_H                 
00000260  PDIN                    
00000260  PDIN_L                  
00000261  PDIN_H                  
00000262  PDOUT                   
00000262  PDOUT_L                 
00000263  PDOUT_H                 
00000264  PDDIR                   
00000264  PDDIR_L                 
00000265  PDDIR_H                 
00000266  PDREN                   
00000266  PDREN_L                 
00000267  PDREN_H                 
00000268  PDDS                    
00000268  PDDS_L                  
00000269  PDDS_H                  
0000026a  PDSEL                   
0000026a  PDSEL_L                 
0000026b  PDSEL_H                 
00000320  PJIN                    
00000320  PJIN_L                  
00000321  PJIN_H                  
00000322  PJOUT                   
00000322  PJOUT_L                 
00000323  PJOUT_H                 
00000324  PJDIR                   
00000324  PJDIR_L                 
00000325  PJDIR_H                 
00000326  PJREN                   
00000326  PJREN_L                 
00000327  PJREN_H                 
00000328  PJDS                    
00000328  PJDS_L                  
00000329  PJDS_H                  
00000340  TA0CTL                  
00000342  TA0CCTL0                
00000344  TA0CCTL1                
00000346  TA0CCTL2                
00000348  TA0CCTL3                
0000034a  TA0CCTL4                
00000350  TA0R                    
00000352  TA0CCR0                 
00000354  TA0CCR1                 
00000356  TA0CCR2                 
00000358  TA0CCR3                 
0000035a  TA0CCR4                 
00000360  TA0EX0                  
0000036e  TA0IV                   
00000380  TA1CTL                  
00000382  TA1CCTL0                
00000384  TA1CCTL1                
00000386  TA1CCTL2                
00000390  TA1R                    
00000392  TA1CCR0                 
00000394  TA1CCR1                 
00000396  TA1CCR2                 
000003a0  TA1EX0                  
000003ae  TA1IV                   
000003c0  TB0CTL                  
000003c2  TB0CCTL0                
000003c4  TB0CCTL1                
000003c6  TB0CCTL2                
000003c8  TB0CCTL3                
000003ca  TB0CCTL4                
000003cc  TB0CCTL5                
000003ce  TB0CCTL6                
000003d0  TB0R                    
000003d2  TB0CCR0                 
000003d4  TB0CCR1                 
000003d6  TB0CCR2                 
000003d8  TB0CCR3                 
000003da  TB0CCR4                 
000003dc  TB0CCR5                 
000003de  TB0CCR6                 
000003e0  TB0EX0                  
000003ee  TB0IV                   
00000400  TA2CTL                  
00000402  TA2CCTL0                
00000404  TA2CCTL1                
00000406  TA2CCTL2                
00000410  TA2R                    
00000412  TA2CCR0                 
00000414  TA2CCR1                 
00000416  TA2CCR2                 
00000420  TA2EX0                  
0000042e  TA2IV                   
000004a0  RTCCTL01                
000004a0  RTCCTL01_L              
000004a1  RTCCTL01_H              
000004a2  RTCCTL23                
000004a2  RTCCTL23_L              
000004a3  RTCCTL23_H              
000004a8  RTCPS0CTL               
000004a8  RTCPS0CTL_L             
000004a9  RTCPS0CTL_H             
000004aa  RTCPS1CTL               
000004aa  RTCPS1CTL_L             
000004ab  RTCPS1CTL_H             
000004ac  RTCPS                   
000004ac  RTCPS_L                 
000004ad  RTCPS_H                 
000004ae  RTCIV                   
000004b0  RTCTIM0                 
000004b0  RTCTIM0_L               
000004b1  RTCTIM0_H               
000004b2  RTCTIM1                 
000004b2  RTCTIM1_L               
000004b3  RTCTIM1_H               
000004b4  RTCDATE                 
000004b4  RTCDATE_L               
000004b5  RTCDATE_H               
000004b6  RTCYEAR                 
000004b6  RTCYEAR_L               
000004b7  RTCYEAR_H               
000004b8  RTCAMINHR               
000004b8  RTCAMINHR_L             
000004b9  RTCAMINHR_H             
000004ba  RTCADOWDAY              
[...]
00000610  UCA1ABCTL               
00000612  UCA1IRCTL               
00000612  UCA1IRCTL_L             
00000613  UCA1IRCTL_H             
0000061c  UCA1ICTL                
0000061c  UCA1ICTL_L              
0000061d  UCA1ICTL_H              
0000061e  UCA1IV                  
00000620  UCB1CTLW0               
00000620  UCB1CTLW0_L             
00000621  UCB1CTLW0_H             
00000626  UCB1BRW                 
00000626  UCB1BRW_L               
00000627  UCB1BRW_H               
0000062a  UCB1STAT                
0000062c  UCB1RXBUF               
0000062e  UCB1TXBUF               
00000630  UCB1I2COA               
00000630  UCB1I2COA_L             
00000631  UCB1I2COA_H             
00000632  UCB1I2CSA               
00000632  UCB1I2CSA_L             
00000633  UCB1I2CSA_H             
0000063c  UCB1ICTL                
0000063c  UCB1ICTL_L              
0000063d  UCB1ICTL_H              
0000063e  UCB1IV                  
00000700  ADC12CTL0               
00000700  ADC12CTL0_L             
00000701  ADC12CTL0_H             
00000702  ADC12CTL1               
00000702  ADC12CTL1_L             
00000703  ADC12CTL1_H             
00000704  ADC12CTL2               
00000704  ADC12CTL2_L             
00000705  ADC12CTL2_H             
0000070a  ADC12IFG                
0000070a  ADC12IFG_L              
0000070b  ADC12IFG_H              
0000070c  ADC12IE                 
0000070c  ADC12IE_L               
0000070d  ADC12IE_H               
0000070e  ADC12IV                 
0000070e  ADC12IV_L               
0000070f  ADC12IV_H               
00000710  ADC12MCTL0              
00000711  ADC12MCTL1              
00000712  ADC12MCTL2              
00000713  ADC12MCTL3              
00000714  ADC12MCTL4              
00000715  ADC12MCTL5              
00000716  ADC12MCTL6              
00000717  ADC12MCTL7              
00000718  ADC12MCTL8              
00000719  ADC12MCTL9              
0000071a  ADC12MCTL10             
0000071b  ADC12MCTL11             
0000071c  ADC12MCTL12             
0000071d  ADC12MCTL13             
0000071e  ADC12MCTL14             
0000071f  ADC12MCTL15             
00000720  ADC12MEM0               
00000720  ADC12MEM0_L             
00000721  ADC12MEM0_H             
00000722  ADC12MEM1               
00000722  ADC12MEM1_L             
00000723  ADC12MEM1_H             
00000724  ADC12MEM2               
00000724  ADC12MEM2_L             
00000725  ADC12MEM2_H             
00000726  ADC12MEM3               
00000726  ADC12MEM3_L             
00000727  ADC12MEM3_H             
00000728  ADC12MEM4               
00000728  ADC12MEM4_L             
00000729  ADC12MEM4_H             
0000072a  ADC12MEM5               
0000072a  ADC12MEM5_L             
0000072b  ADC12MEM5_H             
0000072c  ADC12MEM6               
0000072c  ADC12MEM6_L             
0000072d  ADC12MEM6_H             
0000072e  ADC12MEM7               
0000072e  ADC12MEM7_L             
0000072f  ADC12MEM7_H             
00000730  ADC12MEM8               
00000730  ADC12MEM8_L             
00000731  ADC12MEM8_H             
00000732  ADC12MEM9               
00000732  ADC12MEM9_L             
00000733  ADC12MEM9_H             
00000734  ADC12MEM10              
00000734  ADC12MEM10_L            
00000735  ADC12MEM10_H            
00000736  ADC12MEM11              
00000736  ADC12MEM11_L            
00000737  ADC12MEM11_H            
00000738  ADC12MEM12              
00000738  ADC12MEM12_L            
00000739  ADC12MEM12_H            
0000073a  ADC12MEM13              
0000073a  ADC12MEM13_L            
0000073b  ADC12MEM13_H            
0000073c  ADC12MEM14              
0000073c  ADC12MEM14_L            
0000073d  ADC12MEM14_H            
0000073e  ADC12MEM15              
0000073e  ADC12MEM15_L            
0000073f  ADC12MEM15_H            
000008c0  CBCTL0                  
000008c0  CBCTL0_L                
000008c1  CBCTL0_H                
000008c2  CBCTL1                  
000008c2  CBCTL1_L                
000008c3  CBCTL1_H                
000008c4  CBCTL2                  
000008c4  CBCTL2_L                
000008c5  CBCTL2_H                
000008c6  CBCTL3                  
000008c6  CBCTL3_L                
000008c7  CBCTL3_H                
000008cc  CBINT                   
000008cc  CBINT_L                 
000008cd  CBINT_H                 
000008ce  CBIV                    
00000900  USBKEYID                
00000900  USBKEYID_L              
00000901  USBKEYID_H              
00000902  USBCNF                  
00000902  USBCNF_L                
00000903  USBCNF_H                
00000904  USBPHYCTL               
00000904  USBPHYCTL_L             
00000905  USBPHYCTL_H             
00000908  USBPWRCTL               
00000908  USBPWRCTL_L             
00000909  USBPWRCTL_H             
00000910  USBPLLCTL               
00000910  USBPLLCTL_L             
00000911  USBPLLCTL_H             
00000912  USBPLLDIVB              
00000912  USBPLLDIVB_L            
00000913  USBPLLDIVB_H            
00000914  USBPLLIR                
00000914  USBPLLIR_L              
00000915  USBPLLIR_H              
00000920  USBIEPCNF_0             
00000921  USBIEPCNT_0             
00000922  USBOEPCNF_0             
00000923  USBOEPCNT_0             
0000092e  USBIEPIE                
0000092f  USBOEPIE                
00000930  USBIEPIFG               
00000931  USBOEPIFG               
00000932  USBVECINT               
00000932  USBVECINT_L             
00000933  USBVECINT_H             
00000936  USBMAINT                
00000936  USBMAINT_L              
00000937  USBMAINT_H              
00000938  USBTSREG                
00000938  USBTSREG_L              
00000939  USBTSREG_H              
0000093a  USBFN                   
0000093a  USBFN_L                 
0000093b  USBFN_H                 
0000093c  USBCTL                  
0000093d  USBIE                   
0000093e  USBIFG                  
0000093f  USBFUNADR               
00001c00  USBSTABUFF              
0000236f  USBTOPBUFF              
00002370  USBOEP0BUF              
00002378  USBIEP0BUF              
00002380  USBSUBLK                
00002388  USBOEPCNF_1             
00002389  USBOEPBBAX_1            
0000238a  USBOEPBCTX_1            
0000238d  USBOEPBBAY_1            
0000238e  USBOEPBCTY_1            
0000238f  USBOEPSIZXY_1           
00002390  USBOEPCNF_2             
00002391  USBOEPBBAX_2            
00002392  USBOEPBCTX_2            
00002395  USBOEPBBAY_2            
00002396  USBOEPBCTY_2            
00002397  USBOEPSIZXY_2           
00002398  USBOEPCNF_3             
00002399  USBOEPBBAX_3            
0000239a  USBOEPBCTX_3            
0000239d  USBOEPBBAY_3            
0000239e  USBOEPBCTY_3            
0000239f  USBOEPSIZXY_3           
000023a0  USBOEPCNF_4             
000023a1  USBOEPBBAX_4            
000023a2  USBOEPBCTX_4            
000023a5  USBOEPBBAY_4            
000023a6  USBOEPBCTY_4            
000023a7  USBOEPSIZXY_4           
000023a8  USBOEPCNF_5             
000023a9  USBOEPBBAX_5            
000023aa  USBOEPBCTX_5            
000023ad  USBOEPBBAY_5            
000023ae  USBOEPBCTY_5            
000023af  USBOEPSIZXY_5           
000023b0  USBOEPCNF_6             
000023b1  USBOEPBBAX_6            
000023b2  USBOEPBCTX_6            
000023b5  USBOEPBBAY_6            
000023b6  USBOEPBCTY_6            
000023b7  USBOEPSIZXY_6           
000023b8  USBOEPCNF_7             
000023b9  USBOEPBBAX_7            
000023ba  USBOEPBCTX_7            
000023bd  USBOEPBBAY_7            
000023be  USBOEPBCTY_7            
000023bf  USBOEPSIZXY_7           
000023c8  USBIEPCNF_1             
000023c9  USBIEPBBAX_1            
000023ca  USBIEPBCTX_1            
000023cd  USBIEPBBAY_1            
000023ce  USBIEPBCTY_1            
000023cf  USBIEPSIZXY_1           
000023d0  USBIEPCNF_2             
000023d1  USBIEPBBAX_2            
000023d2  USBIEPBCTX_2            
000023d5  USBIEPBBAY_2            
000023d6  USBIEPBCTY_2            
000023d7  USBIEPSIZXY_2           
000023d8  USBIEPCNF_3             
000023d9  USBIEPBBAX_3            
000023da  USBIEPBCTX_3            
000023dd  USBIEPBBAY_3            
000023de  USBIEPBCTY_3            
000023df  USBIEPSIZXY_3           
000023e0  USBIEPCNF_4             
000023e1  USBIEPBBAX_4            
000023e2  USBIEPBCTX_4            
000023e5  USBIEPBBAY_4            
000023e6  USBIEPBCTY_4            
000023e7  USBIEPSIZXY_4           
000023e8  USBIEPCNF_5             
000023e9  USBIEPBBAX_5            
000023ea  USBIEPBCTX_5            
000023ed  USBIEPBBAY_5            
000023ee  USBIEPBCTY_5            
000023ef  USBIEPSIZXY_5           
000023f0  USBIEPCNF_6             
000023f1  USBIEPBBAX_6            
000023f2  USBIEPBCTX_6            
000023f5  USBIEPBBAY_6            
000023f6  USBIEPBCTY_6            
000023f7  USBIEPSIZXY_6           
000023f8  USBIEPCNF_7             
000023f9  USBIEPBBAX_7            
000023fa  USBIEPBCTX_7            
000023fd  USBIEPBBAY_7            
000023fe  USBIEPBCTY_7            
000023ff  USBIEPSIZXY_7           
000024b0  _Denorm                 
000024c0  _Eps                    
000024d0  _Hugeval                
000024e0  _Inf                    
000024f0  _Nan                    
00002500  _Snan                   
00002510  _Rteps                  
00002520  _Xbig                   
00002528  _Zero                   
00002530  _FDenorm                
00002540  _FEps                   
00002550  _FInf                   
00002560  _FNan                   
00002570  _FSnan                  
00002580  _FRteps                 
00002590  _FXbig                  
00002594  _FZero                  
00002598  ambientLight            
0000259c  angleFusion             
000025a0  angleAcc                
000025a4  aTest                   
000025a8  test                    
000025ac  sensorMode              
000025ad  lastMode                
000025ae  lowPowerMode            
000025b0  buttonFilter            
000025b2  _buff                   
000025c6  coef                    
000025ee  values                  
00002602  acc                     
0000260e  gyro                    
00002626  gain                    
0000262a  weight                  
0000262e  _Fenv                   
00002632  _Tls_setup__Fenv        
00002636  _lock                   
0000263a  _unlock                 
00002645  stop                    
00002646  WORD_LSB                
0000264a  _Errno                  
0000264e  RxBuffer                
00002664  PRxData                 
00002668  PTxData                 
00002670  absolutePressure        
00002674  c5                      
00002678  c6                      
0000267c  humSHT21_f              
00002680  lightfiltered           
00002684  mc                      
00002688  md                      
0000268c  p0                      
00002690  p1                      
00002694  p2                      
00002698  tempBMP180_f            
0000269c  tempMPU9150_f           
000026a0  tempSHT21_f             
000026a4  tempTMP006_f            
000026a8  tempfiltered            
000026ac  x0                      
000026b0  x1                      
000026b4  x2                      
000026b8  y0                      
000026bc  y1                      
000026c0  y2                      
000026c4  AC1                     
000026c6  AC2                     
000026c8  AC3                     
000026ca  AC4                     
000026cc  AC5                     
000026ce  AC6                     
000026d0  MB                      
000026d2  MC                      
000026d4  MD                      
000026d6  VB1                     
000026d8  VB2                     
000026da  light                   
000026dc  RXByteCtr               
000026dd  TXByteCtr               
000026df  sending                 
00004360  _stack                  
00004400  USCI_B0_ISR             
00004400  __STACK_END             
00004472  Port_2                  
000044b0  Port_1                  
000044e4  _c_int00_noargs_noexit  
000044fe  __TI_ISR_TRAP           
00004504  _ctypes_                
00004838  __TI_Handler_Table_Base 
00004844  __TI_Handler_Table_Limit
0000484a  __TI_CINIT_Base         
0000485a  __TI_CINIT_Limit        
0000ffd2  __TI_int41              
0000ffd4  __TI_int42              
0000ffd6  __TI_int43              
0000ffd8  __TI_int44              
0000ffda  __TI_int45              
0000ffdc  __TI_int46              
0000ffde  __TI_int47              
0000ffe0  __TI_int48              
0000ffe2  __TI_int49              
0000ffe4  __TI_int50              
0000ffe6  __TI_int51              
0000ffe8  __TI_int52              
0000ffea  __TI_int53              
0000ffec  __TI_int54              
0000ffee  __TI_int55              
0000fff0  __TI_int56              
0000fff2  __TI_int57              
0000fff4  __TI_int58              
0000fff6  __TI_int59              
0000fff8  __TI_int60              
0000fffa  __TI_int61              
0000fffc  __TI_int62              
0000fffe  _reset_vector           
00010000  pow                     
0001068a  initBMP180              
00010b30  __TI_frcdivd            
00010f82  _Log                    
000113a2  __mspabi_divull         
0001173c  _Exp                    
00011ac4  main                    
00011dd2  __TI_frcmpyd            
000120b6  __mspabi_addd           
0001238e  _Atan                   
00012632  __mspabi_mpyd           
00012b16  readPressure            
00012d78  __TI_frcaddd            
00012fca  __mspabi_divd           
0001382e  atan2                   
00013a3a  __TI_printfi            
00013fe2  _Dscale                 
000145be  __mspabi_subf           
000145c4  __mspabi_addf           
000146ee  AngleCalculate          
000147f2  medianFilter            
000148f4  _Dnorm                  
00014bea  checkState              
00014ce2  __mspabi_cmpd           
00014dba  _Dint                   
00014e86  __mspabi_mpyf           
00014f3c  __TI_renormd            
00015096  readTemperature         
000151d4  __mspabi_fltlid         
0001538c  __mspabi_divf           
0001541a  __mspabi_cvtdf          
000154a6  FIR                     
000155b8  ldexp                   
0001563e  getMPU6050Acc           
000156be  getMPU6050Gyro          
0001573e  ltoa                    
00015836  __mspabi_fltuld         
000158ac  _Dunscale               
0001591e  _auto_init_hold_wdt     
0001598a  startPressure           
00015a5e  __mspabi_fixdli         
00015ac4  __mspabi_cvtfd          
00015b28  atoi                    
00015b8a  __mspabi_divul          
00015b8a  __mspabi_remul          
00015be2  print                   
00015c34  readMPU6050Acc          
00015c86  readMPU6050Gyro         
00015cd8  _Dclass                 
00015d76  averageFilter           
00015dc2  getSHT21TEMP            
00015e0c  __mspabi_cmpf           
00015e56  readISL29023            
00015ee4  sprintf                 
00015f28  frexp                   
00015f6a  initDebugging           
00015fac  sendI2C                 
00015fee  sendI2CBytes            
00016030  getISL29023AMB          
00016070  getSHT21HUM             
000160b0  readI2CBytes            
000160f0  __mspabi_divli          
000160f0  __mspabi_remli          
00016130  getBMP180Prs            
000161ac  __mspabi_sral_15        
000161b0  __mspabi_sral_14        
000161b4  __mspabi_sral_13        
000161b8  __mspabi_sral_12        
000161bc  __mspabi_sral_11        
000161c0  __mspabi_sral_10        
000161c4  __mspabi_sral_9         
000161c8  __mspabi_sral_8         
000161cc  __mspabi_sral_7         
000161d0  __mspabi_sral_6         
000161d4  __mspabi_sral_5         
000161d8  __mspabi_sral_4         
000161dc  __mspabi_sral_3         
000161e0  __mspabi_sral_2         
000161e4  __mspabi_sral_1         
000161ea  __mspabi_slll_15        
000161ee  __mspabi_slll_14        
000161f2  __mspabi_slll_13        
000161f6  __mspabi_slll_12        
000161fa  __mspabi_slll_11        
000161fe  __mspabi_slll_10        
00016202  __mspabi_slll_9         
00016206  __mspabi_slll_8         
0001620a  __mspabi_slll_7         
0001620e  __mspabi_slll_6         
00016212  __mspabi_slll_5         
00016216  __mspabi_slll_4         
0001621a  __mspabi_slll_3         
0001621e  __mspabi_slll_2         
00016222  __mspabi_slll_1         
00016228  __mspabi_srll_15        
0001622c  __mspabi_srll_14        
00016230  __mspabi_srll_13        
00016234  __mspabi_srll_12        
00016238  __mspabi_srll_11        
0001623c  __mspabi_srll_10        
00016240  __mspabi_srll_9         
00016244  __mspabi_srll_8         
00016248  __mspabi_srll_7         
0001624c  __mspabi_srll_6         
00016250  __mspabi_srll_5         
00016254  __mspabi_srll_4         
00016258  __mspabi_srll_3         
0001625c  __mspabi_srll_2         
00016260  __mspabi_srll_1         
00016266  __mspabi_sllll          
000162a0  __mspabi_srlll          
000162da  initI2C                 
00016314  initMPU9150             
0001634e  readI2CWord             
00016386  signal                  
000163be  _Feraise                
000163f4  initISL29023            
0001642a  __mspabi_fltif          
00016460  feraiseexcept           
00016494  readMPU6050Temp         
000164c8  __mspabi_subd           
000164fa  raise                   
0001652c  readI2C                 
0001655e  __mspabi_negd           
0001658c  MPU6050_ReadData        
000165b8  __mspabi_divi           
000165b8  __mspabi_remi           
000165e4  initUART                
0001660e  __mspabi_fixdi          
00016636  MPU6050_WriteReg        
0001665c  readBytes               
00016682  startTemperature        
000166a8  clearI2CPort            
000166cc  __TI_zero_init          
000166f0  initTEMP006             
00016714  readInt                 
00016738  readSHT21HUM            
0001675c  readSHT21TEMP           
00016780  readUInt                
000167a4  __mspabi_fltuf          
000167c8  __mspabi_mpyl_f5hw      
0001680a  initSensors             
0001682a  printstring             
0001686a  bmp180_delay            
00016888  getBMP180Temp           
000168a6  memccpy                 
000168c4  readTMP006AMB           
000168e2  writeBytes              
00016900  strchr                  
0001691c  delayMs                 
00016936  getTMP006AMB            
0001694c  memset                  
00016962  __mspabi_divu           
00016962  __mspabi_remu           
00016978  __mspabi_mpyi_f5hw      
000169a2  memcpy                  
000169b6  __TI_decompress_none    
000169c8  toupper                 
000169da  __mspabi_sral           
000169ea  __mspabi_slll           
000169fa  __mspabi_srll           
00016a0a  log                     
00016a18  strlen                  
00016a26  __mspabi_fltid          
00016a32  printchar               
00016a3e  abs                     
00016a48  __mspabi_negf           
00016a52  __mspabi_slli           
00016a5c  __mspabi_srli           
00016a66  setI2CAddress           
00016a6e  __mspabi_fltud          
00016a74  __TI_decompress_rle24   
00016a7a  _system_pre_init        
00016a7e  C$$EXIT                 
00016a7e  abort                   
00016a82  _nop                    
00016a84  initSHT21               
ffffffff  __binit__               
ffffffff  __c_args__              
ffffffff  binit                   
UNDEFED   __TI_INITARRAY_Base     
UNDEFED   __TI_INITARRAY_Limit    

[1045 symbols]
